Archive member included to satisfy reference by file (symbol)

/Applications/SystemWorkbench.app/Contents/Eclipse/plugins/fr.ac6.mcu.externaltools.arm-none.macos64_1.13.1.201703061524/tools/compiler/bin/../lib/gcc/arm-none-eabi/5.4.1/armv6-m/libgcc.a(_thumb1_case_uqi.o)
                              Drivers/STM32F0xx_HAL_Driver/Src/stm32f0xx_hal_pcd.o (__gnu_thumb1_case_uqi)
/Applications/SystemWorkbench.app/Contents/Eclipse/plugins/fr.ac6.mcu.externaltools.arm-none.macos64_1.13.1.201703061524/tools/compiler/bin/../lib/gcc/arm-none-eabi/5.4.1/armv6-m/libgcc.a(_thumb1_case_uhi.o)
                              Middlewares/ST/STM32_USB_Device_Library/Core/Src/usbd_ctlreq.o (__gnu_thumb1_case_uhi)
/Applications/SystemWorkbench.app/Contents/Eclipse/plugins/fr.ac6.mcu.externaltools.arm-none.macos64_1.13.1.201703061524/tools/compiler/bin/../lib/gcc/arm-none-eabi/5.4.1/armv6-m/libgcc.a(_udivsi3.o)
                              Drivers/CMSIS/Device/ST/STM32F0xx/Source/Templates/system_stm32f0xx.o (__aeabi_uidiv)
/Applications/SystemWorkbench.app/Contents/Eclipse/plugins/fr.ac6.mcu.externaltools.arm-none.macos64_1.13.1.201703061524/tools/compiler/bin/../lib/gcc/arm-none-eabi/5.4.1/armv6-m/libgcc.a(_dvmd_tls.o)
                              /Applications/SystemWorkbench.app/Contents/Eclipse/plugins/fr.ac6.mcu.externaltools.arm-none.macos64_1.13.1.201703061524/tools/compiler/bin/../lib/gcc/arm-none-eabi/5.4.1/armv6-m/libgcc.a(_udivsi3.o) (__aeabi_idiv0)
/Applications/SystemWorkbench.app/Contents/Eclipse/plugins/fr.ac6.mcu.externaltools.arm-none.macos64_1.13.1.201703061524/tools/compiler/bin/../lib/gcc/arm-none-eabi/5.4.1/armv6-m/libgcc.a(_lshrdi3.o)
                              Drivers/STM32F0xx_HAL_Driver/Src/stm32f0xx_hal_flash.o (__aeabi_llsr)
/Applications/SystemWorkbench.app/Contents/Eclipse/plugins/fr.ac6.mcu.externaltools.arm-none.macos64_1.13.1.201703061524/tools/compiler/bin/../lib/gcc/arm-none-eabi/5.4.1/../../../../arm-none-eabi/lib/armv6-m/libc_nano.a(lib_a-exit.o)
                              /Applications/SystemWorkbench.app/Contents/Eclipse/plugins/fr.ac6.mcu.externaltools.arm-none.macos64_1.13.1.201703061524/tools/compiler/bin/../lib/gcc/arm-none-eabi/5.4.1/../../../../arm-none-eabi/lib/armv6-m/crt0.o (exit)
/Applications/SystemWorkbench.app/Contents/Eclipse/plugins/fr.ac6.mcu.externaltools.arm-none.macos64_1.13.1.201703061524/tools/compiler/bin/../lib/gcc/arm-none-eabi/5.4.1/../../../../arm-none-eabi/lib/armv6-m/libc_nano.a(lib_a-impure.o)
                              /Applications/SystemWorkbench.app/Contents/Eclipse/plugins/fr.ac6.mcu.externaltools.arm-none.macos64_1.13.1.201703061524/tools/compiler/bin/../lib/gcc/arm-none-eabi/5.4.1/../../../../arm-none-eabi/lib/armv6-m/libc_nano.a(lib_a-exit.o) (_global_impure_ptr)
/Applications/SystemWorkbench.app/Contents/Eclipse/plugins/fr.ac6.mcu.externaltools.arm-none.macos64_1.13.1.201703061524/tools/compiler/bin/../lib/gcc/arm-none-eabi/5.4.1/../../../../arm-none-eabi/lib/armv6-m/libc_nano.a(lib_a-init.o)
                              /Applications/SystemWorkbench.app/Contents/Eclipse/plugins/fr.ac6.mcu.externaltools.arm-none.macos64_1.13.1.201703061524/tools/compiler/bin/../lib/gcc/arm-none-eabi/5.4.1/../../../../arm-none-eabi/lib/armv6-m/crt0.o (__libc_init_array)
/Applications/SystemWorkbench.app/Contents/Eclipse/plugins/fr.ac6.mcu.externaltools.arm-none.macos64_1.13.1.201703061524/tools/compiler/bin/../lib/gcc/arm-none-eabi/5.4.1/../../../../arm-none-eabi/lib/armv6-m/libc_nano.a(lib_a-memcpy-stub.o)
                              Drivers/STM32F0xx_HAL_Driver/Src/stm32f0xx_hal_rcc.o (memcpy)
/Applications/SystemWorkbench.app/Contents/Eclipse/plugins/fr.ac6.mcu.externaltools.arm-none.macos64_1.13.1.201703061524/tools/compiler/bin/../lib/gcc/arm-none-eabi/5.4.1/../../../../arm-none-eabi/lib/armv6-m/libc_nano.a(lib_a-memset.o)
                              /Applications/SystemWorkbench.app/Contents/Eclipse/plugins/fr.ac6.mcu.externaltools.arm-none.macos64_1.13.1.201703061524/tools/compiler/bin/../lib/gcc/arm-none-eabi/5.4.1/../../../../arm-none-eabi/lib/armv6-m/crt0.o (memset)
/Applications/SystemWorkbench.app/Contents/Eclipse/plugins/fr.ac6.mcu.externaltools.arm-none.macos64_1.13.1.201703061524/tools/compiler/bin/../lib/gcc/arm-none-eabi/5.4.1/../../../../arm-none-eabi/lib/armv6-m/libnosys.a(_exit.o)
                              /Applications/SystemWorkbench.app/Contents/Eclipse/plugins/fr.ac6.mcu.externaltools.arm-none.macos64_1.13.1.201703061524/tools/compiler/bin/../lib/gcc/arm-none-eabi/5.4.1/../../../../arm-none-eabi/lib/armv6-m/libc_nano.a(lib_a-exit.o) (_exit)

Allocating common symbols
Common symbol       size              file

hUsbDeviceFS        0x224             Src/usb_device.o
cbNoteOn            0x4               Src/usbd_midi_if.o
uwTick              0x4               Drivers/STM32F0xx_HAL_Driver/Src/stm32f0xx_hal.o
pFlash              0x20              Drivers/STM32F0xx_HAL_Driver/Src/stm32f0xx_hal_flash.o
[...]
Memory Configuration

Name             Origin             Length             Attributes
FLASH            0x0000000008000000 0x0000000000008000 xr
RAM              0x0000000020000000 0x0000000000001800 xrw
*default*        0x0000000000000000 0xffffffffffffffff

Linker script and memory map

LOAD /Applications/SystemWorkbench.app/Contents/Eclipse/plugins/fr.ac6.mcu.externaltools.arm-none.macos64_1.13.1.201703061524/tools/compiler/bin/../lib/gcc/arm-none-eabi/5.4.1/armv6-m/crti.o
LOAD /Applications/SystemWorkbench.app/Contents/Eclipse/plugins/fr.ac6.mcu.externaltools.arm-none.macos64_1.13.1.201703061524/tools/compiler/bin/../lib/gcc/arm-none-eabi/5.4.1/armv6-m/crtbegin.o
LOAD /Applications/SystemWorkbench.app/Contents/Eclipse/plugins/fr.ac6.mcu.externaltools.arm-none.macos64_1.13.1.201703061524/tools/compiler/bin/../lib/gcc/arm-none-eabi/5.4.1/../../../../arm-none-eabi/lib/armv6-m/crt0.o
LOAD /Applications/SystemWorkbench.app/Contents/Eclipse/plugins/fr.ac6.mcu.externaltools.arm-none.macos64_1.13.1.201703061524/tools/compiler/bin/../lib/gcc/arm-none-eabi/5.4.1/../../../../arm-none-eabi/lib/armv6-m/libm.a
LOAD Drivers/CMSIS/Device/ST/STM32F0xx/Source/Templates/gcc/startup_stm32f042x6.o
LOAD Drivers/CMSIS/Device/ST/STM32F0xx/Source/Templates/system_stm32f0xx.o
LOAD Drivers/STM32F0xx_HAL_Driver/Src/stm32f0xx_hal.o
LOAD Drivers/STM32F0xx_HAL_Driver/Src/stm32f0xx_hal_adc.o
LOAD Drivers/STM32F0xx_HAL_Driver/Src/stm32f0xx_hal_adc_ex.o
LOAD Drivers/STM32F0xx_HAL_Driver/Src/stm32f0xx_hal_cortex.o
LOAD Drivers/STM32F0xx_HAL_Driver/Src/stm32f0xx_hal_dma.o
LOAD Drivers/STM32F0xx_HAL_Driver/Src/stm32f0xx_hal_flash.o
LOAD Drivers/STM32F0xx_HAL_Driver/Src/stm32f0xx_hal_flash_ex.o
LOAD Drivers/STM32F0xx_HAL_Driver/Src/stm32f0xx_hal_gpio.o
LOAD Drivers/STM32F0xx_HAL_Driver/Src/stm32f0xx_hal_i2c.o
LOAD Drivers/STM32F0xx_HAL_Driver/Src/stm32f0xx_hal_i2c_ex.o
LOAD Drivers/STM32F0xx_HAL_Driver/Src/stm32f0xx_hal_pcd.o
LOAD Drivers/STM32F0xx_HAL_Driver/Src/stm32f0xx_hal_pcd_ex.o
LOAD Drivers/STM32F0xx_HAL_Driver/Src/stm32f0xx_hal_pwr.o
LOAD Drivers/STM32F0xx_HAL_Driver/Src/stm32f0xx_hal_pwr_ex.o
LOAD Drivers/STM32F0xx_HAL_Driver/Src/stm32f0xx_hal_rcc.o
LOAD Drivers/STM32F0xx_HAL_Driver/Src/stm32f0xx_hal_rcc_ex.o
LOAD Drivers/STM32F0xx_HAL_Driver/Src/stm32f0xx_hal_tim.o
LOAD Drivers/STM32F0xx_HAL_Driver/Src/stm32f0xx_hal_tim_ex.o
LOAD Drivers/STM32F0xx_HAL_Driver/Src/stm32f0xx_hal_tsc.o
LOAD Middlewares/ST/STM32_USB_Device_Library/Core/Src/usbd_core.o
LOAD Middlewares/ST/STM32_USB_Device_Library/Core/Src/usbd_ctlreq.o
LOAD Middlewares/ST/STM32_USB_Device_Library/Core/Src/usbd_ioreq.o
LOAD Middlewares/USBMIDI/Src/usbd_midi.o
LOAD Src/eeprom.o
LOAD Src/main.o
LOAD Src/queue32.o
LOAD Src/stm32f0xx_it.o
LOAD Src/usb_device.o
LOAD Src/usbd_conf.o
LOAD Src/usbd_desc.o
LOAD Src/usbd_midi_if.o
START GROUP
LOAD /Applications/SystemWorkbench.app/Contents/Eclipse/plugins/fr.ac6.mcu.externaltools.arm-none.macos64_1.13.1.201703061524/tools/compiler/bin/../lib/gcc/arm-none-eabi/5.4.1/armv6-m/libgcc.a
LOAD /Applications/SystemWorkbench.app/Contents/Eclipse/plugins/fr.ac6.mcu.externaltools.arm-none.macos64_1.13.1.201703061524/tools/compiler/bin/../lib/gcc/arm-none-eabi/5.4.1/../../../../arm-none-eabi/lib/armv6-m/libc_nano.a
END GROUP
START GROUP
LOAD /Applications/SystemWorkbench.app/Contents/Eclipse/plugins/fr.ac6.mcu.externaltools.arm-none.macos64_1.13.1.201703061524/tools/compiler/bin/../lib/gcc/arm-none-eabi/5.4.1/armv6-m/libgcc.a
LOAD /Applications/SystemWorkbench.app/Contents/Eclipse/plugins/fr.ac6.mcu.externaltools.arm-none.macos64_1.13.1.201703061524/tools/compiler/bin/../lib/gcc/arm-none-eabi/5.4.1/../../../../arm-none-eabi/lib/armv6-m/libc_nano.a
LOAD /Applications/SystemWorkbench.app/Contents/Eclipse/plugins/fr.ac6.mcu.externaltools.arm-none.macos64_1.13.1.201703061524/tools/compiler/bin/../lib/gcc/arm-none-eabi/5.4.1/../../../../arm-none-eabi/lib/armv6-m/libnosys.a
END GROUP
START GROUP
LOAD /Applications/SystemWorkbench.app/Contents/Eclipse/plugins/fr.ac6.mcu.externaltools.arm-none.macos64_1.13.1.201703061524/tools/compiler/bin/../lib/gcc/arm-none-eabi/5.4.1/armv6-m/libgcc.a
LOAD /Applications/SystemWorkbench.app/Contents/Eclipse/plugins/fr.ac6.mcu.externaltools.arm-none.macos64_1.13.1.201703061524/tools/compiler/bin/../lib/gcc/arm-none-eabi/5.4.1/../../../../arm-none-eabi/lib/armv6-m/libc_nano.a
LOAD /Applications/SystemWorkbench.app/Contents/Eclipse/plugins/fr.ac6.mcu.externaltools.arm-none.macos64_1.13.1.201703061524/tools/compiler/bin/../lib/gcc/arm-none-eabi/5.4.1/../../../../arm-none-eabi/lib/armv6-m/libnosys.a
END GROUP
LOAD /Applications/SystemWorkbench.app/Contents/Eclipse/plugins/fr.ac6.mcu.externaltools.arm-none.macos64_1.13.1.201703061524/tools/compiler/bin/../lib/gcc/arm-none-eabi/5.4.1/armv6-m/crtend.o
LOAD /Applications/SystemWorkbench.app/Contents/Eclipse/plugins/fr.ac6.mcu.externaltools.arm-none.macos64_1.13.1.201703061524/tools/compiler/bin/../lib/gcc/arm-none-eabi/5.4.1/armv6-m/crtn.o
                0x0000000020001800                _estack = 0x20001800
                0x0000000000000200                _Min_Heap_Size = 0x200
                0x0000000000000400                _Min_Stack_Size = 0x400

.isr_vector     0x0000000008000000       0xc0
                0x0000000008000000                . = ALIGN (0x4)
 *(.isr_vector)
 .isr_vector    0x0000000008000000       0xc0 Drivers/CMSIS/Device/ST/STM32F0xx/Source/Templates/gcc/startup_stm32f042x6.o
                0x0000000008000000                g_pfnVectors
                0x00000000080000c0                . = ALIGN (0x4)

.text           0x00000000080000c0     0x316c
                0x00000000080000c0                . = ALIGN (0x4)
 *(.text)
 .text          0x00000000080000c0       0x60 /Applications/SystemWorkbench.app/Contents/Eclipse/plugins/fr.ac6.mcu.externaltools.arm-none.macos64_1.13.1.201703061524/tools/compiler/bin/../lib/gcc/arm-none-eabi/5.4.1/armv6-m/crtbegin.o
 .text          0x0000000008000120       0x14 /Applications/SystemWorkbench.app/Contents/Eclipse/plugins/fr.ac6.mcu.externaltools.arm-none.macos64_1.13.1.201703061524/tools/compiler/bin/../lib/gcc/arm-none-eabi/5.4.1/armv6-m/libgcc.a(_thumb1_case_uqi.o)
                0x0000000008000120                __gnu_thumb1_case_uqi
 .text          0x0000000008000134       0x14 /Applications/SystemWorkbench.app/Contents/Eclipse/plugins/fr.ac6.mcu.externaltools.arm-none.macos64_1.13.1.201703061524/tools/compiler/bin/../lib/gcc/arm-none-eabi/5.4.1/armv6-m/libgcc.a(_thumb1_case_uhi.o)
                0x0000000008000134                __gnu_thumb1_case_uhi
 .text          0x0000000008000148      0x114 /Applications/SystemWorkbench.app/Contents/Eclipse/plugins/fr.ac6.mcu.externaltools.arm-none.macos64_1.13.1.201703061524/tools/compiler/bin/../lib/gcc/arm-none-eabi/5.4.1/armv6-m/libgcc.a(_udivsi3.o)
                0x0000000008000148                __udivsi3
                0x0000000008000148                __aeabi_uidiv
                0x0000000008000254                __aeabi_uidivmod
 .text          0x000000000800025c        0x4 /Applications/SystemWorkbench.app/Contents/Eclipse/plugins/fr.ac6.mcu.externaltools.arm-none.macos64_1.13.1.201703061524/tools/compiler/bin/../lib/gcc/arm-none-eabi/5.4.1/armv6-m/libgcc.a(_dvmd_tls.o)
                0x000000000800025c                __aeabi_ldiv0
                0x000000000800025c                __aeabi_idiv0
 .text          0x0000000008000260       0x18 /Applications/SystemWorkbench.app/Contents/Eclipse/plugins/fr.ac6.mcu.externaltools.arm-none.macos64_1.13.1.201703061524/tools/compiler/bin/../lib/gcc/arm-none-eabi/5.4.1/armv6-m/libgcc.a(_lshrdi3.o)
                0x0000000008000260                __aeabi_llsr
                0x0000000008000260                __lshrdi3
 *(.text*)
 .text.Reset_Handler
                0x0000000008000278       0x70 Drivers/CMSIS/Device/ST/STM32F0xx/Source/Templates/gcc/startup_stm32f042x6.o
                0x0000000008000278                Reset_Handler
 .text.Default_Handler
                0x00000000080002e8        0x2 Drivers/CMSIS/Device/ST/STM32F0xx/Source/Templates/gcc/startup_stm32f042x6.o
                0x00000000080002e8                TIM1_BRK_UP_TRG_COM_IRQHandler
                0x00000000080002e8                TSC_IRQHandler
                0x00000000080002e8                I2C1_IRQHandler
                0x00000000080002e8                RCC_CRS_IRQHandler
                0x00000000080002e8                SPI1_IRQHandler
                0x00000000080002e8                EXTI2_3_IRQHandler
                0x00000000080002e8                ADC1_IRQHandler
                0x00000000080002e8                TIM17_IRQHandler
                0x00000000080002e8                CEC_CAN_IRQHandler
                0x00000000080002e8                RTC_IRQHandler
                0x00000000080002e8                PVD_VDDIO2_IRQHandler
                0x00000000080002e8                TIM16_IRQHandler
                0x00000000080002e8                TIM3_IRQHandler
                0x00000000080002e8                EXTI4_15_IRQHandler
                0x00000000080002e8                DMA1_Channel1_IRQHandler
                0x00000000080002e8                Default_Handler
                0x00000000080002e8                TIM14_IRQHandler
                0x00000000080002e8                DMA1_Channel4_5_IRQHandler
                0x00000000080002e8                EXTI0_1_IRQHandler
                0x00000000080002e8                SPI2_IRQHandler
                0x00000000080002e8                WWDG_IRQHandler
                0x00000000080002e8                TIM2_IRQHandler
                0x00000000080002e8                DMA1_Channel2_3_IRQHandler
                0x00000000080002e8                USART2_IRQHandler
                0x00000000080002e8                FLASH_IRQHandler
                0x00000000080002e8                USART1_IRQHandler
                0x00000000080002e8                TIM1_CC_IRQHandler
 *fill*         0x00000000080002ea        0x2 
 .text.SystemInit
                0x00000000080002ec       0x60 Drivers/CMSIS/Device/ST/STM32F0xx/Source/Templates/system_stm32f0xx.o
                0x00000000080002ec                SystemInit
 .text.HAL_MspInit
                0x000000000800034c        0x2 Drivers/STM32F0xx_HAL_Driver/Src/stm32f0xx_hal.o
                0x000000000800034c                HAL_MspInit
 .text.HAL_InitTick
                0x000000000800034e       0x24 Drivers/STM32F0xx_HAL_Driver/Src/stm32f0xx_hal.o
                0x000000000800034e                HAL_InitTick
 *fill*         0x0000000008000372        0x2 
 .text.HAL_Init
                0x0000000008000374       0x20 Drivers/STM32F0xx_HAL_Driver/Src/stm32f0xx_hal.o
                0x0000000008000374                HAL_Init
 .text.HAL_IncTick
                0x0000000008000394       0x10 Drivers/STM32F0xx_HAL_Driver/Src/stm32f0xx_hal.o
                0x0000000008000394                HAL_IncTick
 .text.HAL_GetTick
                0x00000000080003a4        0xc Drivers/STM32F0xx_HAL_Driver/Src/stm32f0xx_hal.o
                0x00000000080003a4                HAL_GetTick
 .text.HAL_Delay
                0x00000000080003b0       0x18 Drivers/STM32F0xx_HAL_Driver/Src/stm32f0xx_hal.o
                0x00000000080003b0                HAL_Delay
 .text.HAL_NVIC_SetPriority
                0x00000000080003c8       0x60 Drivers/STM32F0xx_HAL_Driver/Src/stm32f0xx_hal_cortex.o
                0x00000000080003c8                HAL_NVIC_SetPriority
 .text.HAL_NVIC_EnableIRQ
                0x0000000008000428       0x14 Drivers/STM32F0xx_HAL_Driver/Src/stm32f0xx_hal_cortex.o
                0x0000000008000428                HAL_NVIC_EnableIRQ
 .text.HAL_SYSTICK_Config
                0x000000000800043c       0x34 Drivers/STM32F0xx_HAL_Driver/Src/stm32f0xx_hal_cortex.o
                0x000000000800043c                HAL_SYSTICK_Config
 .text.HAL_SYSTICK_CLKSourceConfig
                0x0000000008000470       0x1c Drivers/STM32F0xx_HAL_Driver/Src/stm32f0xx_hal_cortex.o
                0x0000000008000470                HAL_SYSTICK_CLKSourceConfig
 .text.HAL_SYSTICK_Callback
                0x000000000800048c        0x2 Drivers/STM32F0xx_HAL_Driver/Src/stm32f0xx_hal_cortex.o
                0x000000000800048c                HAL_SYSTICK_Callback
 .text.HAL_SYSTICK_IRQHandler
                0x000000000800048e        0x8 Drivers/STM32F0xx_HAL_Driver/Src/stm32f0xx_hal_cortex.o
                0x000000000800048e                HAL_SYSTICK_IRQHandler
 *fill*         0x0000000008000496        0x2 
 .text.FLASH_SetErrorCode
                0x0000000008000498       0x3c Drivers/STM32F0xx_HAL_Driver/Src/stm32f0xx_hal_flash.o
 .text.HAL_FLASH_Unlock
                0x00000000080004d4       0x24 Drivers/STM32F0xx_HAL_Driver/Src/stm32f0xx_hal_flash.o
                0x00000000080004d4                HAL_FLASH_Unlock
 .text.FLASH_WaitForLastOperation
                0x00000000080004f8       0x54 Drivers/STM32F0xx_HAL_Driver/Src/stm32f0xx_hal_flash.o
                0x00000000080004f8                FLASH_WaitForLastOperation
 .text.HAL_FLASH_Program
                0x000000000800054c       0x84 Drivers/STM32F0xx_HAL_Driver/Src/stm32f0xx_hal_flash.o
                0x000000000800054c                HAL_FLASH_Program
 .text.FLASH_MassErase
                0x00000000080005d0       0x24 Drivers/STM32F0xx_HAL_Driver/Src/stm32f0xx_hal_flash_ex.o
 .text.FLASH_PageErase
                0x00000000080005f4       0x24 Drivers/STM32F0xx_HAL_Driver/Src/stm32f0xx_hal_flash_ex.o
                0x00000000080005f4                FLASH_PageErase
 .text.HAL_FLASHEx_Erase
                0x0000000008000618       0x9c Drivers/STM32F0xx_HAL_Driver/Src/stm32f0xx_hal_flash_ex.o
                0x0000000008000618                HAL_FLASHEx_Erase
 .text.HAL_GPIO_Init
                0x00000000080006b4      0x150 Drivers/STM32F0xx_HAL_Driver/Src/stm32f0xx_hal_gpio.o
                0x00000000080006b4                HAL_GPIO_Init
 .text.HAL_GPIO_WritePin
                0x0000000008000804        0xc Drivers/STM32F0xx_HAL_Driver/Src/stm32f0xx_hal_gpio.o
                0x0000000008000804                HAL_GPIO_WritePin
 .text.HAL_PCD_Init
                0x0000000008000810       0x8c Drivers/STM32F0xx_HAL_Driver/Src/stm32f0xx_hal_pcd.o
                0x0000000008000810                HAL_PCD_Init
 .text.HAL_PCD_Start
                0x000000000800089c       0x12 Drivers/STM32F0xx_HAL_Driver/Src/stm32f0xx_hal_pcd.o
                0x000000000800089c                HAL_PCD_Start
 .text.HAL_PCD_SetAddress
                0x00000000080008ae       0x2e Drivers/STM32F0xx_HAL_Driver/Src/stm32f0xx_hal_pcd.o
                0x00000000080008ae                HAL_PCD_SetAddress
 .text.HAL_PCD_EP_Open
                0x00000000080008dc      0x29c Drivers/STM32F0xx_HAL_Driver/Src/stm32f0xx_hal_pcd.o
                0x00000000080008dc                HAL_PCD_EP_Open
 .text.HAL_PCD_EP_Close
                0x0000000008000b78      0x15c Drivers/STM32F0xx_HAL_Driver/Src/stm32f0xx_hal_pcd.o
                0x0000000008000b78                HAL_PCD_EP_Close
 .text.HAL_PCD_EP_Receive
                0x0000000008000cd4      0x18c Drivers/STM32F0xx_HAL_Driver/Src/stm32f0xx_hal_pcd.o
                0x0000000008000cd4                HAL_PCD_EP_Receive
 .text.HAL_PCD_EP_SetStall
                0x0000000008000e60       0x98 Drivers/STM32F0xx_HAL_Driver/Src/stm32f0xx_hal_pcd.o
                0x0000000008000e60                HAL_PCD_EP_SetStall
 .text.HAL_PCD_EP_ClrStall
                0x0000000008000ef8       0xb8 Drivers/STM32F0xx_HAL_Driver/Src/stm32f0xx_hal_pcd.o
                0x0000000008000ef8                HAL_PCD_EP_ClrStall
 .text.PCD_WritePMA
                0x0000000008000fb0       0x28 Drivers/STM32F0xx_HAL_Driver/Src/stm32f0xx_hal_pcd.o
                0x0000000008000fb0                PCD_WritePMA
 .text.HAL_PCD_EP_Transmit
                0x0000000008000fd8      0x1d8 Drivers/STM32F0xx_HAL_Driver/Src/stm32f0xx_hal_pcd.o
                0x0000000008000fd8                HAL_PCD_EP_Transmit
 .text.PCD_ReadPMA
                0x00000000080011b0       0x22 Drivers/STM32F0xx_HAL_Driver/Src/stm32f0xx_hal_pcd.o
                0x00000000080011b0                PCD_ReadPMA
 *fill*         0x00000000080011d2        0x2 
 .text.HAL_PCD_IRQHandler
                0x00000000080011d4      0x470 Drivers/STM32F0xx_HAL_Driver/Src/stm32f0xx_hal_pcd.o
                0x00000000080011d4                HAL_PCD_IRQHandler
 .text.HAL_PCDEx_PMAConfig
                0x0000000008001644       0x36 Drivers/STM32F0xx_HAL_Driver/Src/stm32f0xx_hal_pcd_ex.o
                0x0000000008001644                HAL_PCDEx_PMAConfig
 *fill*         0x000000000800167a        0x2 
 .text.HAL_RCC_OscConfig
                0x000000000800167c      0x478 Drivers/STM32F0xx_HAL_Driver/Src/stm32f0xx_hal_rcc.o
                0x000000000800167c                HAL_RCC_OscConfig
 .text.HAL_RCC_GetSysClockFreq
                0x0000000008001af4       0x78 Drivers/STM32F0xx_HAL_Driver/Src/stm32f0xx_hal_rcc.o
                0x0000000008001af4                HAL_RCC_GetSysClockFreq
 .text.HAL_RCC_ClockConfig
                0x0000000008001b6c      0x158 Drivers/STM32F0xx_HAL_Driver/Src/stm32f0xx_hal_rcc.o
                0x0000000008001b6c                HAL_RCC_ClockConfig
 .text.HAL_RCC_GetHCLKFreq
                0x0000000008001cc4        0xc Drivers/STM32F0xx_HAL_Driver/Src/stm32f0xx_hal_rcc.o
                0x0000000008001cc4                HAL_RCC_GetHCLKFreq
 .text.HAL_RCCEx_PeriphCLKConfig
                0x0000000008001cd0      0x134 Drivers/STM32F0xx_HAL_Driver/Src/stm32f0xx_hal_rcc_ex.o
                0x0000000008001cd0                HAL_RCCEx_PeriphCLKConfig
 .text.USBD_Init
                0x0000000008001e04       0x34 Middlewares/ST/STM32_USB_Device_Library/Core/Src/usbd_core.o
                0x0000000008001e04                USBD_Init
 .text.USBD_RegisterClass
                0x0000000008001e38       0x12 Middlewares/ST/STM32_USB_Device_Library/Core/Src/usbd_core.o
                0x0000000008001e38                USBD_RegisterClass
 .text.USBD_Start
                0x0000000008001e4a        0xa Middlewares/ST/STM32_USB_Device_Library/Core/Src/usbd_core.o
                0x0000000008001e4a                USBD_Start
 .text.USBD_SetClassConfig
                0x0000000008001e54       0x1a Middlewares/ST/STM32_USB_Device_Library/Core/Src/usbd_core.o
                0x0000000008001e54                USBD_SetClassConfig
 .text.USBD_ClrClassConfig
                0x0000000008001e6e       0x10 Middlewares/ST/STM32_USB_Device_Library/Core/Src/usbd_core.o
                0x0000000008001e6e                USBD_ClrClassConfig
 *fill*         0x0000000008001e7e        0x2 
 .text.USBD_LL_SetupStage
                0x0000000008001e80       0x68 Middlewares/ST/STM32_USB_Device_Library/Core/Src/usbd_core.o
                0x0000000008001e80                USBD_LL_SetupStage
 .text.USBD_LL_DataOutStage
                0x0000000008001ee8       0x74 Middlewares/ST/STM32_USB_Device_Library/Core/Src/usbd_core.o
                0x0000000008001ee8                USBD_LL_DataOutStage
 .text.USBD_LL_DataInStage
                0x0000000008001f5c       0xac Middlewares/ST/STM32_USB_Device_Library/Core/Src/usbd_core.o
                0x0000000008001f5c                USBD_LL_DataInStage
 .text.USBD_LL_Reset
                0x0000000008002008       0x46 Middlewares/ST/STM32_USB_Device_Library/Core/Src/usbd_core.o
                0x0000000008002008                USBD_LL_Reset
 .text.USBD_LL_SetSpeed
                0x000000000800204e        0x6 Middlewares/ST/STM32_USB_Device_Library/Core/Src/usbd_core.o
                0x000000000800204e                USBD_LL_SetSpeed
 .text.USBD_LL_Suspend
                0x0000000008002054       0x16 Middlewares/ST/STM32_USB_Device_Library/Core/Src/usbd_core.o
                0x0000000008002054                USBD_LL_Suspend
 .text.USBD_LL_Resume
                0x000000000800206a        0xe Middlewares/ST/STM32_USB_Device_Library/Core/Src/usbd_core.o
                0x000000000800206a                USBD_LL_Resume
 .text.USBD_LL_SOF
                0x0000000008002078       0x1e Middlewares/ST/STM32_USB_Device_Library/Core/Src/usbd_core.o
                0x0000000008002078                USBD_LL_SOF
 .text.USBD_ParseSetupRequest
                0x0000000008002096       0x28 Middlewares/ST/STM32_USB_Device_Library/Core/Src/usbd_ctlreq.o
                0x0000000008002096                USBD_ParseSetupRequest
 .text.USBD_CtlError
                0x00000000080020be       0x14 Middlewares/ST/STM32_USB_Device_Library/Core/Src/usbd_ctlreq.o
                0x00000000080020be                USBD_CtlError
 *fill*         0x00000000080020d2        0x2 
 .text.USBD_StdDevReq
                0x00000000080020d4      0x23c Middlewares/ST/STM32_USB_Device_Library/Core/Src/usbd_ctlreq.o
                0x00000000080020d4                USBD_StdDevReq
 .text.USBD_StdItfReq
                0x0000000008002310       0x3a Middlewares/ST/STM32_USB_Device_Library/Core/Src/usbd_ctlreq.o
                0x0000000008002310                USBD_StdItfReq
 .text.USBD_StdEPReq
                0x000000000800234a       0xe0 Middlewares/ST/STM32_USB_Device_Library/Core/Src/usbd_ctlreq.o
                0x000000000800234a                USBD_StdEPReq
 .text.USBD_GetString
                0x000000000800242a       0x3c Middlewares/ST/STM32_USB_Device_Library/Core/Src/usbd_ctlreq.o
                0x000000000800242a                USBD_GetString
 .text.USBD_CtlSendData
                0x0000000008002466       0x1c Middlewares/ST/STM32_USB_Device_Library/Core/Src/usbd_ioreq.o
                0x0000000008002466                USBD_CtlSendData
 .text.USBD_CtlContinueSendData
                0x0000000008002482       0x10 Middlewares/ST/STM32_USB_Device_Library/Core/Src/usbd_ioreq.o
                0x0000000008002482                USBD_CtlContinueSendData
 .text.USBD_CtlContinueRx
                0x0000000008002492       0x10 Middlewares/ST/STM32_USB_Device_Library/Core/Src/usbd_ioreq.o
                0x0000000008002492                USBD_CtlContinueRx
 .text.USBD_CtlSendStatus
                0x00000000080024a2       0x18 Middlewares/ST/STM32_USB_Device_Library/Core/Src/usbd_ioreq.o
                0x00000000080024a2                USBD_CtlSendStatus
 .text.USBD_CtlReceiveStatus
                0x00000000080024ba       0x18 Middlewares/ST/STM32_USB_Device_Library/Core/Src/usbd_ioreq.o
                0x00000000080024ba                USBD_CtlReceiveStatus
 *fill*         0x00000000080024d2        0x2 
 .text.USBD_MIDI_DataIn
                0x00000000080024d4       0x14 Middlewares/USBMIDI/Src/usbd_midi.o
 .text.USBD_MIDI_GetCfgDesc
                0x00000000080024e8        0xc Middlewares/USBMIDI/Src/usbd_midi.o
 .text.USBD_MIDI_DataOut
                0x00000000080024f4       0x38 Middlewares/USBMIDI/Src/usbd_midi.o
 .text.USBD_MIDI_DeInit
                0x000000000800252c       0x20 Middlewares/USBMIDI/Src/usbd_midi.o
 .text.USBD_MIDI_Init
                0x000000000800254c       0x38 Middlewares/USBMIDI/Src/usbd_midi.o
 .text.USBD_MIDI_SendPacket
                0x0000000008002584       0x70 Middlewares/USBMIDI/Src/usbd_midi.o
                0x0000000008002584                USBD_MIDI_SendPacket
 .text.USBD_MIDI_RegisterInterface
                0x00000000080025f4       0x12 Middlewares/USBMIDI/Src/usbd_midi.o
                0x00000000080025f4                USBD_MIDI_RegisterInterface
 *fill*         0x0000000008002606        0x2 
 .text.EE_VerifyPageFullyErased
                0x0000000008002608       0x24 Src/eeprom.o
 .text.EE_VerifyPageFullWriteVariable
                0x000000000800262c       0x84 Src/eeprom.o
 .text.EE_Format
                0x00000000080026b0       0x5c Src/eeprom.o
 .text.EE_ReadVariable
                0x000000000800270c       0x54 Src/eeprom.o
                0x000000000800270c                EE_ReadVariable
 .text.EE_Init  0x0000000008002760      0x194 Src/eeprom.o
                0x0000000008002760                EE_Init
 .text.EE_WriteVariable
                0x00000000080028f4       0xc8 Src/eeprom.o
                0x00000000080028f4                EE_WriteVariable
 .text.onNoteOff
                0x00000000080029bc        0x2 Src/main.o
 *fill*         0x00000000080029be        0x2 
 .text.led_on   0x00000000080029c0       0x20 Src/main.o
                0x00000000080029c0                led_on
 .text.onCtlChange
                0x00000000080029e0       0x70 Src/main.o
 .text.led_off  0x0000000008002a50       0x1c Src/main.o
                0x0000000008002a50                led_off
 .text.loadNums
                0x0000000008002a6c       0x60 Src/main.o
                0x0000000008002a6c                loadNums
 .text.CanStart
                0x0000000008002acc       0x18 Src/main.o
                0x0000000008002acc                CanStart
 .text.onNoteOn
                0x0000000008002ae4       0x40 Src/main.o
 .text.CanEnd   0x0000000008002b24       0x18 Src/main.o
                0x0000000008002b24                CanEnd
 .text.trigNoteOff
                0x0000000008002b3c       0x40 Src/main.o
                0x0000000008002b3c                trigNoteOff
 .text.Error_Handler
                0x0000000008002b7c       0x12 Src/main.o
                0x0000000008002b7c                Error_Handler
 .text.SystemClock_Config
                0x0000000008002b8e       0x82 Src/main.o
                0x0000000008002b8e                SystemClock_Config
 .text.startup.main
                0x0000000008002c10       0xf8 Src/main.o
                0x0000000008002c10                main
 .text.b4arrq_init
                0x0000000008002d08        0xe Src/queue32.o
                0x0000000008002d08                b4arrq_init
 .text.b4arrq_push
                0x0000000008002d16       0x2a Src/queue32.o
                0x0000000008002d16                b4arrq_push
 .text.b4arrq_pop
                0x0000000008002d40       0x26 Src/queue32.o
                0x0000000008002d40                b4arrq_pop
 .text.NMI_Handler
                0x0000000008002d66        0x2 Src/stm32f0xx_it.o
                0x0000000008002d66                NMI_Handler
 .text.HardFault_Handler
                0x0000000008002d68        0x2 Src/stm32f0xx_it.o
                0x0000000008002d68                HardFault_Handler
 .text.SVC_Handler
                0x0000000008002d6a        0x2 Src/stm32f0xx_it.o
                0x0000000008002d6a                SVC_Handler
 .text.PendSV_Handler
                0x0000000008002d6c        0x2 Src/stm32f0xx_it.o
                0x0000000008002d6c                PendSV_Handler
 .text.SysTick_Handler
                0x0000000008002d6e        0xc Src/stm32f0xx_it.o
                0x0000000008002d6e                SysTick_Handler
 *fill*         0x0000000008002d7a        0x2 
 .text.USB_IRQHandler
                0x0000000008002d7c       0x10 Src/stm32f0xx_it.o
                0x0000000008002d7c                USB_IRQHandler
 .text.MX_USB_DEVICE_Init
                0x0000000008002d8c       0x38 Src/usb_device.o
                0x0000000008002d8c                MX_USB_DEVICE_Init
 .text.HAL_PCD_MspInit
                0x0000000008002dc4       0x38 Src/usbd_conf.o
                0x0000000008002dc4                HAL_PCD_MspInit
 .text.HAL_PCD_SetupStageCallback
                0x0000000008002dfc       0x14 Src/usbd_conf.o
                0x0000000008002dfc                HAL_PCD_SetupStageCallback
 .text.HAL_PCD_DataOutStageCallback
                0x0000000008002e10       0x18 Src/usbd_conf.o
                0x0000000008002e10                HAL_PCD_DataOutStageCallback
 .text.HAL_PCD_DataInStageCallback
                0x0000000008002e28       0x16 Src/usbd_conf.o
                0x0000000008002e28                HAL_PCD_DataInStageCallback
 .text.HAL_PCD_SOFCallback
                0x0000000008002e3e        0xe Src/usbd_conf.o
                0x0000000008002e3e                HAL_PCD_SOFCallback
 .text.HAL_PCD_ResetCallback
                0x0000000008002e4c       0x18 Src/usbd_conf.o
                0x0000000008002e4c                HAL_PCD_ResetCallback
 .text.HAL_PCD_SuspendCallback
                0x0000000008002e64       0x24 Src/usbd_conf.o
                0x0000000008002e64                HAL_PCD_SuspendCallback
 .text.HAL_PCD_ResumeCallback
                0x0000000008002e88       0x28 Src/usbd_conf.o
                0x0000000008002e88                HAL_PCD_ResumeCallback
 .text.USBD_LL_Init
                0x0000000008002eb0       0x74 Src/usbd_conf.o
                0x0000000008002eb0                USBD_LL_Init
 .text.USBD_LL_Start
                0x0000000008002f24       0x10 Src/usbd_conf.o
                0x0000000008002f24                USBD_LL_Start
 .text.USBD_LL_OpenEP
                0x0000000008002f34       0x16 Src/usbd_conf.o
                0x0000000008002f34                USBD_LL_OpenEP
 .text.USBD_LL_CloseEP
                0x0000000008002f4a       0x10 Src/usbd_conf.o
                0x0000000008002f4a                USBD_LL_CloseEP
 .text.USBD_LL_StallEP
                0x0000000008002f5a       0x10 Src/usbd_conf.o
                0x0000000008002f5a                USBD_LL_StallEP
 .text.USBD_LL_ClearStallEP
                0x0000000008002f6a       0x10 Src/usbd_conf.o
                0x0000000008002f6a                USBD_LL_ClearStallEP
 .text.USBD_LL_IsStallEP
                0x0000000008002f7a       0x26 Src/usbd_conf.o
                0x0000000008002f7a                USBD_LL_IsStallEP
 .text.USBD_LL_SetUSBAddress
                0x0000000008002fa0       0x10 Src/usbd_conf.o
                0x0000000008002fa0                USBD_LL_SetUSBAddress
 .text.USBD_LL_Transmit
                0x0000000008002fb0       0x10 Src/usbd_conf.o
                0x0000000008002fb0                USBD_LL_Transmit
 .text.USBD_LL_PrepareReceive
                0x0000000008002fc0       0x10 Src/usbd_conf.o
                0x0000000008002fc0                USBD_LL_PrepareReceive
 .text.USBD_FS_DeviceDescriptor
                0x0000000008002fd0        0xc Src/usbd_desc.o
                0x0000000008002fd0                USBD_FS_DeviceDescriptor
 .text.USBD_FS_LangIDStrDescriptor
                0x0000000008002fdc       0x10 Src/usbd_desc.o
                0x0000000008002fdc                USBD_FS_LangIDStrDescriptor
 .text.USBD_FS_ManufacturerStrDescriptor
                0x0000000008002fec       0x1c Src/usbd_desc.o
                0x0000000008002fec                USBD_FS_ManufacturerStrDescriptor
 .text.USBD_FS_ProductStrDescriptor
                0x0000000008003008       0x1c Src/usbd_desc.o
                0x0000000008003008                USBD_FS_ProductStrDescriptor
 .text.USBD_FS_SerialStrDescriptor
                0x0000000008003024       0x1c Src/usbd_desc.o
                0x0000000008003024                USBD_FS_SerialStrDescriptor
 .text.USBD_FS_ConfigStrDescriptor
                0x0000000008003040       0x1c Src/usbd_desc.o
                0x0000000008003040                USBD_FS_ConfigStrDescriptor
 .text.USBD_FS_InterfaceStrDescriptor
                0x000000000800305c       0x1c Src/usbd_desc.o
                0x000000000800305c                USBD_FS_InterfaceStrDescriptor
 .text.MIDI_DataTx
                0x0000000008003078       0x3c Src/usbd_midi_if.o
 .text.MIDI_DataRx
                0x00000000080030b4       0x28 Src/usbd_midi_if.o
 .text.mimuz_init
                0x00000000080030dc       0x10 Src/usbd_midi_if.o
                0x00000000080030dc                mimuz_init
 .text.setHdlNoteOff
                0x00000000080030ec        0xc Src/usbd_midi_if.o
                0x00000000080030ec                setHdlNoteOff
 .text.setHdlNoteOn
                0x00000000080030f8        0xc Src/usbd_midi_if.o
                0x00000000080030f8                setHdlNoteOn
 .text.setHdlCtlChange
                0x0000000008003104        0xc Src/usbd_midi_if.o
                0x0000000008003104                setHdlCtlChange
 .text.sendCtlChange
                0x0000000008003110       0x28 Src/usbd_midi_if.o
                0x0000000008003110                sendCtlChange
 .text.processMidiMessage
                0x0000000008003138       0x7c Src/usbd_midi_if.o
                0x0000000008003138                processMidiMessage
 .text.__libc_init_array
                0x00000000080031b4       0x4c /Applications/SystemWorkbench.app/Contents/Eclipse/plugins/fr.ac6.mcu.externaltools.arm-none.macos64_1.13.1.201703061524/tools/compiler/bin/../lib/gcc/arm-none-eabi/5.4.1/../../../../arm-none-eabi/lib/armv6-m/libc_nano.a(lib_a-init.o)
                0x00000000080031b4                __libc_init_array
 .text.memcpy   0x0000000008003200       0x12 /Applications/SystemWorkbench.app/Contents/Eclipse/plugins/fr.ac6.mcu.externaltools.arm-none.macos64_1.13.1.201703061524/tools/compiler/bin/../lib/gcc/arm-none-eabi/5.4.1/../../../../arm-none-eabi/lib/armv6-m/libc_nano.a(lib_a-memcpy-stub.o)
                0x0000000008003200                memcpy
 *(.glue_7)
 .glue_7        0x0000000008003212        0x0 linker stubs
 *(.glue_7t)
 .glue_7t       0x0000000008003212        0x0 linker stubs
 *(.eh_frame)
 *fill*         0x0000000008003212        0x2 
 .eh_frame      0x0000000008003214        0x0 /Applications/SystemWorkbench.app/Contents/Eclipse/plugins/fr.ac6.mcu.externaltools.arm-none.macos64_1.13.1.201703061524/tools/compiler/bin/../lib/gcc/arm-none-eabi/5.4.1/armv6-m/crtbegin.o
 *(.init)
 .init          0x0000000008003214        0x4 /Applications/SystemWorkbench.app/Contents/Eclipse/plugins/fr.ac6.mcu.externaltools.arm-none.macos64_1.13.1.201703061524/tools/compiler/bin/../lib/gcc/arm-none-eabi/5.4.1/armv6-m/crti.o
                0x0000000008003214                _init
 .init          0x0000000008003218        0x8 /Applications/SystemWorkbench.app/Contents/Eclipse/plugins/fr.ac6.mcu.externaltools.arm-none.macos64_1.13.1.201703061524/tools/compiler/bin/../lib/gcc/arm-none-eabi/5.4.1/armv6-m/crtn.o
 *(.fini)
 .fini          0x0000000008003220        0x4 /Applications/SystemWorkbench.app/Contents/Eclipse/plugins/fr.ac6.mcu.externaltools.arm-none.macos64_1.13.1.201703061524/tools/compiler/bin/../lib/gcc/arm-none-eabi/5.4.1/armv6-m/crti.o
                0x0000000008003220                _fini
 .fini          0x0000000008003224        0x8 /Applications/SystemWorkbench.app/Contents/Eclipse/plugins/fr.ac6.mcu.externaltools.arm-none.macos64_1.13.1.201703061524/tools/compiler/bin/../lib/gcc/arm-none-eabi/5.4.1/armv6-m/crtn.o
                0x000000000800322c                . = ALIGN (0x4)
                0x000000000800322c                _etext = .

.vfp11_veneer   0x000000000800322c        0x0
 .vfp11_veneer  0x000000000800322c        0x0 linker stubs

.v4_bx          0x000000000800322c        0x0
 .v4_bx         0x000000000800322c        0x0 linker stubs

.iplt           0x000000000800322c        0x0
 .iplt          0x000000000800322c        0x0 /Applications/SystemWorkbench.app/Contents/Eclipse/plugins/fr.ac6.mcu.externaltools.arm-none.macos64_1.13.1.201703061524/tools/compiler/bin/../lib/gcc/arm-none-eabi/5.4.1/armv6-m/crtbegin.o

.rodata         0x000000000800322c       0x80
                0x000000000800322c                . = ALIGN (0x4)
 *(.rodata)
 .rodata        0x000000000800322c       0x18 Drivers/CMSIS/Device/ST/STM32F0xx/Source/Templates/system_stm32f0xx.o
                0x000000000800322c                AHBPrescTable
                0x000000000800323c                APBPrescTable
 .rodata        0x0000000008003244       0x20 Drivers/STM32F0xx_HAL_Driver/Src/stm32f0xx_hal_rcc.o
 *(.rodata*)
 .rodata.str1.1
                0x0000000008003264       0x47 Src/usbd_desc.o
                0x00000000080032ac                . = ALIGN (0x4)
 *fill*         0x00000000080032ab        0x1 

.rel.dyn        0x00000000080032ac        0x0
 .rel.iplt      0x00000000080032ac        0x0 /Applications/SystemWorkbench.app/Contents/Eclipse/plugins/fr.ac6.mcu.externaltools.arm-none.macos64_1.13.1.201703061524/tools/compiler/bin/../lib/gcc/arm-none-eabi/5.4.1/armv6-m/crtbegin.o

.ARM.extab
 *(.ARM.extab* .gnu.linkonce.armextab.*)

.ARM            0x00000000080032ac        0x0
                0x00000000080032ac                __exidx_start = .
 *(.ARM.exidx*)
                0x00000000080032ac                __exidx_end = .

.preinit_array  0x00000000080032ac        0x0
                0x00000000080032ac                PROVIDE (__preinit_array_start, .)
 *(.preinit_array*)
                0x00000000080032ac                PROVIDE (__preinit_array_end, .)

.init_array     0x00000000080032ac        0x4
                0x00000000080032ac                PROVIDE (__init_array_start, .)
 *(SORT(.init_array.*))
 *(.init_array*)
 .init_array    0x00000000080032ac        0x4 /Applications/SystemWorkbench.app/Contents/Eclipse/plugins/fr.ac6.mcu.externaltools.arm-none.macos64_1.13.1.201703061524/tools/compiler/bin/../lib/gcc/arm-none-eabi/5.4.1/armv6-m/crtbegin.o
                0x00000000080032b0                PROVIDE (__init_array_end, .)

.fini_array     0x00000000080032b0        0x4
                [!provide]                        PROVIDE (__fini_array_start, .)
 *(SORT(.fini_array.*))
 *(.fini_array*)
 .fini_array    0x00000000080032b0        0x4 /Applications/SystemWorkbench.app/Contents/Eclipse/plugins/fr.ac6.mcu.externaltools.arm-none.macos64_1.13.1.201703061524/tools/compiler/bin/../lib/gcc/arm-none-eabi/5.4.1/armv6-m/crtbegin.o
                [!provide]                        PROVIDE (__fini_array_end, .)
                0x00000000080032b4                _sidata = LOADADDR (.data)

.data           0x0000000020000000      0x128 load address 0x00000000080032b4
                0x0000000020000000                . = ALIGN (0x4)
                0x0000000020000000                _sdata = .
 *(.data)
 .data          0x0000000020000000        0x4 Drivers/CMSIS/Device/ST/STM32F0xx/Source/Templates/system_stm32f0xx.o
                0x0000000020000000                SystemCoreClock
 .data          0x0000000020000004       0xa0 Middlewares/USBMIDI/Src/usbd_midi.o
                0x0000000020000004                USBD_MIDI_CfgDesc
                0x000000002000006c                USBD_MIDI
 .data          0x00000000200000a4       0x48 Src/main.o
                0x00000000200000a4                VirtAddVarTab
                0x00000000200000b4                notes
                0x00000000200000bc                tCanGpio
 .data          0x00000000200000ec       0x34 Src/usbd_desc.o
                0x00000000200000ec                USBD_FS_DeviceDesc
                0x0000000020000100                USBD_LangIDDesc
                0x0000000020000104                FS_Desc
 .data          0x0000000020000120        0x8 Src/usbd_midi_if.o
                0x0000000020000120                USBD_Interface_fops_FS
 *(.data*)
                0x0000000020000128                . = ALIGN (0x4)
                0x0000000020000128                _edata = .

.jcr            0x0000000020000128        0x0 load address 0x00000000080033dc
 .jcr           0x0000000020000128        0x0 /Applications/SystemWorkbench.app/Contents/Eclipse/plugins/fr.ac6.mcu.externaltools.arm-none.macos64_1.13.1.201703061524/tools/compiler/bin/../lib/gcc/arm-none-eabi/5.4.1/armv6-m/crtbegin.o

.igot.plt       0x0000000020000128        0x0 load address 0x00000000080033dc
 .igot.plt      0x0000000020000128        0x0 /Applications/SystemWorkbench.app/Contents/Eclipse/plugins/fr.ac6.mcu.externaltools.arm-none.macos64_1.13.1.201703061524/tools/compiler/bin/../lib/gcc/arm-none-eabi/5.4.1/armv6-m/crtbegin.o
                0x0000000020000128                . = ALIGN (0x4)

.bss            0x0000000020000128      0x950 load address 0x00000000080033dc
                0x0000000020000128                _sbss = .
                0x0000000020000128                __bss_start__ = _sbss
 *(.bss)
 .bss           0x0000000020000128       0x1c /Applications/SystemWorkbench.app/Contents/Eclipse/plugins/fr.ac6.mcu.externaltools.arm-none.macos64_1.13.1.201703061524/tools/compiler/bin/../lib/gcc/arm-none-eabi/5.4.1/armv6-m/crtbegin.o
 .bss           0x0000000020000144        0x1 Middlewares/ST/STM32_USB_Device_Library/Core/Src/usbd_ctlreq.o
 *fill*         0x0000000020000145        0x3 
 .bss           0x0000000020000148       0x14 Middlewares/USBMIDI/Src/usbd_midi.o
                0x0000000020000148                USB_Tx_State
                0x000000002000014c                pInstance
                0x0000000020000150                APP_Rx_ptr_out
                0x0000000020000154                APP_Rx_ptr_in
                0x0000000020000158                APP_Rx_length
 .bss           0x000000002000015c        0x2 Src/eeprom.o
                0x000000002000015c                DataVar
 *fill*         0x000000002000015e        0x2 
 .bss           0x0000000020000160       0x4c Src/main.o
                0x0000000020000160                ledTime
                0x0000000020000162                mode
                0x0000000020000164                VarDataTab
                0x0000000020000174                onoff
                0x000000002000018c                old_button
                0x0000000020000190                debug_status
                0x0000000020000194                val
 .bss           0x00000000200001ac        0x4 Src/usbd_midi_if.o
 *(.bss*)
 *(COMMON)
 COMMON         0x00000000200001b0        0x4 Drivers/STM32F0xx_HAL_Driver/Src/stm32f0xx_hal.o
                0x00000000200001b0                uwTick
 *fill*         0x00000000200001b4        0x4 
 COMMON         0x00000000200001b8       0x20 Drivers/STM32F0xx_HAL_Driver/Src/stm32f0xx_hal_flash.o
                0x00000000200001b8                pFlash
 COMMON         0x00000000200001d8      0x140 Middlewares/USBMIDI/Src/usbd_midi.o
                0x00000000200001d8                USB_Rx_Buffer
                0x0000000020000218                APP_Rx_Buffer
 COMMON         0x0000000020000318      0x224 Src/usb_device.o
                0x0000000020000318                hUsbDeviceFS
 COMMON         0x000000002000053c      0x220 Src/usbd_conf.o
                0x000000002000053c                hpcd_USB_FS
 COMMON         0x000000002000075c      0x200 Src/usbd_desc.o
                0x000000002000075c                USBD_StrDesc
 COMMON         0x000000002000095c      0x11c Src/usbd_midi_if.o
                0x000000002000095c                cbNoteOn
                0x0000000020000960                rxq
                0x0000000020000a70                cbCtlChange
                0x0000000020000a74                cbNoteOff
                0x0000000020000a78                . = ALIGN (0x4)
                0x0000000020000a78                _ebss = .
                0x0000000020000a78                __bss_end__ = _ebss

._user_heap_stack
                0x0000000020000a78      0x600 load address 0x00000000080033dc
                0x0000000020000a78                . = ALIGN (0x8)
                [!provide]                        PROVIDE (end, .)
                [!provide]                        PROVIDE (_end, .)
                0x0000000020000c78                . = (. + _Min_Heap_Size)
 *fill*         0x0000000020000a78      0x200 
                0x0000000020001078                . = (. + _Min_Stack_Size)
 *fill*         0x0000000020000c78      0x400 
                0x0000000020001078                . = ALIGN (0x8)

/DISCARD/
 libc.a(*)
 libm.a(*)
 libgcc.a(*)

.ARM.attributes
                0x0000000000000000       0x28
 *(.ARM.attributes)
 .ARM.attributes
                0x0000000000000000       0x1e /Applications/SystemWorkbench.app/Contents/Eclipse/plugins/fr.ac6.mcu.externaltools.arm-none.macos64_1.13.1.201703061524/tools/compiler/bin/../lib/gcc/arm-none-eabi/5.4.1/armv6-m/crti.o
 .ARM.attributes
                0x000000000000001e       0x2c /Applications/SystemWorkbench.app/Contents/Eclipse/plugins/fr.ac6.mcu.externaltools.arm-none.macos64_1.13.1.201703061524/tools/compiler/bin/../lib/gcc/arm-none-eabi/5.4.1/armv6-m/crtbegin.o
 .ARM.attributes
                0x000000000000004a       0x21 Drivers/CMSIS/Device/ST/STM32F0xx/Source/Templates/gcc/startup_stm32f042x6.o
 .ARM.attributes
                0x000000000000006b       0x31 Drivers/CMSIS/Device/ST/STM32F0xx/Source/Templates/system_stm32f0xx.o
 .ARM.attributes
                0x000000000000009c       0x31 Drivers/STM32F0xx_HAL_Driver/Src/stm32f0xx_hal.o
 .ARM.attributes
                0x00000000000000cd       0x31 Drivers/STM32F0xx_HAL_Driver/Src/stm32f0xx_hal_cortex.o
 .ARM.attributes
                0x00000000000000fe       0x31 Drivers/STM32F0xx_HAL_Driver/Src/stm32f0xx_hal_flash.o
 .ARM.attributes
                0x000000000000012f       0x31 Drivers/STM32F0xx_HAL_Driver/Src/stm32f0xx_hal_flash_ex.o
 .ARM.attributes
                0x0000000000000160       0x31 Drivers/STM32F0xx_HAL_Driver/Src/stm32f0xx_hal_gpio.o
 .ARM.attributes
                0x0000000000000191       0x31 Drivers/STM32F0xx_HAL_Driver/Src/stm32f0xx_hal_pcd.o
 .ARM.attributes
                0x00000000000001c2       0x31 Drivers/STM32F0xx_HAL_Driver/Src/stm32f0xx_hal_pcd_ex.o
 .ARM.attributes
                0x00000000000001f3       0x31 Drivers/STM32F0xx_HAL_Driver/Src/stm32f0xx_hal_rcc.o
 .ARM.attributes
                0x0000000000000224       0x31 Drivers/STM32F0xx_HAL_Driver/Src/stm32f0xx_hal_rcc_ex.o
 .ARM.attributes
                0x0000000000000255       0x31 Middlewares/ST/STM32_USB_Device_Library/Core/Src/usbd_core.o
 .ARM.attributes
                0x0000000000000286       0x31 Middlewares/ST/STM32_USB_Device_Library/Core/Src/usbd_ctlreq.o
 .ARM.attributes
                0x00000000000002b7       0x31 Middlewares/ST/STM32_USB_Device_Library/Core/Src/usbd_ioreq.o
 .ARM.attributes
                0x00000000000002e8       0x31 Middlewares/USBMIDI/Src/usbd_midi.o
 .ARM.attributes
                0x0000000000000319       0x31 Src/eeprom.o
 .ARM.attributes
                0x000000000000034a       0x31 Src/main.o
 .ARM.attributes
                0x000000000000037b       0x31 Src/queue32.o
 .ARM.attributes
                0x00000000000003ac       0x31 Src/stm32f0xx_it.o
 .ARM.attributes
                0x00000000000003dd       0x31 Src/usb_device.o
 .ARM.attributes
                0x000000000000040e       0x31 Src/usbd_conf.o
 .ARM.attributes
                0x000000000000043f       0x31 Src/usbd_desc.o
 .ARM.attributes
                0x0000000000000470       0x31 Src/usbd_midi_if.o
 .ARM.attributes
                0x00000000000004a1       0x1e /Applications/SystemWorkbench.app/Contents/Eclipse/plugins/fr.ac6.mcu.externaltools.arm-none.macos64_1.13.1.201703061524/tools/compiler/bin/../lib/gcc/arm-none-eabi/5.4.1/armv6-m/libgcc.a(_thumb1_case_uqi.o)
 .ARM.attributes
                0x00000000000004bf       0x1e /Applications/SystemWorkbench.app/Contents/Eclipse/plugins/fr.ac6.mcu.externaltools.arm-none.macos64_1.13.1.201703061524/tools/compiler/bin/../lib/gcc/arm-none-eabi/5.4.1/armv6-m/libgcc.a(_thumb1_case_uhi.o)
 .ARM.attributes
                0x00000000000004dd       0x1e /Applications/SystemWorkbench.app/Contents/Eclipse/plugins/fr.ac6.mcu.externaltools.arm-none.macos64_1.13.1.201703061524/tools/compiler/bin/../lib/gcc/arm-none-eabi/5.4.1/armv6-m/libgcc.a(_udivsi3.o)
 .ARM.attributes
                0x00000000000004fb       0x1e /Applications/SystemWorkbench.app/Contents/Eclipse/plugins/fr.ac6.mcu.externaltools.arm-none.macos64_1.13.1.201703061524/tools/compiler/bin/../lib/gcc/arm-none-eabi/5.4.1/armv6-m/libgcc.a(_dvmd_tls.o)
 .ARM.attributes
                0x0000000000000519       0x1e /Applications/SystemWorkbench.app/Contents/Eclipse/plugins/fr.ac6.mcu.externaltools.arm-none.macos64_1.13.1.201703061524/tools/compiler/bin/../lib/gcc/arm-none-eabi/5.4.1/armv6-m/libgcc.a(_lshrdi3.o)
 .ARM.attributes
                0x0000000000000537       0x2c /Applications/SystemWorkbench.app/Contents/Eclipse/plugins/fr.ac6.mcu.externaltools.arm-none.macos64_1.13.1.201703061524/tools/compiler/bin/../lib/gcc/arm-none-eabi/5.4.1/../../../../arm-none-eabi/lib/armv6-m/libc_nano.a(lib_a-init.o)
 .ARM.attributes
                0x0000000000000563       0x2c /Applications/SystemWorkbench.app/Contents/Eclipse/plugins/fr.ac6.mcu.externaltools.arm-none.macos64_1.13.1.201703061524/tools/compiler/bin/../lib/gcc/arm-none-eabi/5.4.1/../../../../arm-none-eabi/lib/armv6-m/libc_nano.a(lib_a-memcpy-stub.o)
 .ARM.attributes
                0x000000000000058f       0x1e /Applications/SystemWorkbench.app/Contents/Eclipse/plugins/fr.ac6.mcu.externaltools.arm-none.macos64_1.13.1.201703061524/tools/compiler/bin/../lib/gcc/arm-none-eabi/5.4.1/armv6-m/crtn.o
OUTPUT(mimuz-can-lite.elf elf32-littlearm)

.debug_line     0x0000000000000000     0xd9aa
 .debug_line    0x0000000000000000       0xc4 Drivers/CMSIS/Device/ST/STM32F0xx/Source/Templates/gcc/startup_stm32f042x6.o
 .debug_line    0x00000000000000c4      0x892 Drivers/CMSIS/Device/ST/STM32F0xx/Source/Templates/system_stm32f0xx.o
 .debug_line    0x0000000000000956      0x96f Drivers/STM32F0xx_HAL_Driver/Src/stm32f0xx_hal.o
 .debug_line    0x00000000000012c5      0x9be Drivers/STM32F0xx_HAL_Driver/Src/stm32f0xx_hal_cortex.o
 .debug_line    0x0000000000001c83      0xa2a Drivers/STM32F0xx_HAL_Driver/Src/stm32f0xx_hal_flash.o
 .debug_line    0x00000000000026ad      0xa3a Drivers/STM32F0xx_HAL_Driver/Src/stm32f0xx_hal_flash_ex.o
 .debug_line    0x00000000000030e7      0x9a7 Drivers/STM32F0xx_HAL_Driver/Src/stm32f0xx_hal_gpio.o
 .debug_line    0x0000000000003a8e      0xdd3 Drivers/STM32F0xx_HAL_Driver/Src/stm32f0xx_hal_pcd.o
 .debug_line    0x0000000000004861      0x848 Drivers/STM32F0xx_HAL_Driver/Src/stm32f0xx_hal_pcd_ex.o
 .debug_line    0x00000000000050a9      0xb77 Drivers/STM32F0xx_HAL_Driver/Src/stm32f0xx_hal_rcc.o
 .debug_line    0x0000000000005c20      0xa80 Drivers/STM32F0xx_HAL_Driver/Src/stm32f0xx_hal_rcc_ex.o
 .debug_line    0x00000000000066a0      0xaea Middlewares/ST/STM32_USB_Device_Library/Core/Src/usbd_core.o
 .debug_line    0x000000000000718a      0xa5a Middlewares/ST/STM32_USB_Device_Library/Core/Src/usbd_ctlreq.o
 .debug_line    0x0000000000007be4      0x9a7 Middlewares/ST/STM32_USB_Device_Library/Core/Src/usbd_ioreq.o
 .debug_line    0x000000000000858b      0x9f6 Middlewares/USBMIDI/Src/usbd_midi.o
 .debug_line    0x0000000000008f81      0x9b6 Src/eeprom.o
 .debug_line    0x0000000000009937      0xb24 Src/main.o
 .debug_line    0x000000000000a45b      0x3b6 Src/queue32.o
 .debug_line    0x000000000000a811      0x860 Src/stm32f0xx_it.o
 .debug_line    0x000000000000b071      0x96e Src/usb_device.o
 .debug_line    0x000000000000b9df      0xbbd Src/usbd_conf.o
 .debug_line    0x000000000000c59c      0x981 Src/usbd_desc.o
 .debug_line    0x000000000000cf1d      0xa8d Src/usbd_midi_if.o

.debug_info     0x0000000000000000     0xbcb2
 .debug_info    0x0000000000000000       0x94 Drivers/CMSIS/Device/ST/STM32F0xx/Source/Templates/gcc/startup_stm32f042x6.o
 .debug_info    0x0000000000000094      0x24b Drivers/CMSIS/Device/ST/STM32F0xx/Source/Templates/system_stm32f0xx.o
 .debug_info    0x00000000000002df      0x5a7 Drivers/STM32F0xx_HAL_Driver/Src/stm32f0xx_hal.o
 .debug_info    0x0000000000000886      0x7a5 Drivers/STM32F0xx_HAL_Driver/Src/stm32f0xx_hal_cortex.o
 .debug_info    0x000000000000102b      0x5e5 Drivers/STM32F0xx_HAL_Driver/Src/stm32f0xx_hal_flash.o
 .debug_info    0x0000000000001610      0x991 Drivers/STM32F0xx_HAL_Driver/Src/stm32f0xx_hal_flash_ex.o
 .debug_info    0x0000000000001fa1      0x5ea Drivers/STM32F0xx_HAL_Driver/Src/stm32f0xx_hal_gpio.o
 .debug_info    0x000000000000258b     0x11df Drivers/STM32F0xx_HAL_Driver/Src/stm32f0xx_hal_pcd.o
 .debug_info    0x000000000000376a      0x556 Drivers/STM32F0xx_HAL_Driver/Src/stm32f0xx_hal_pcd_ex.o
 .debug_info    0x0000000000003cc0      0x9d8 Drivers/STM32F0xx_HAL_Driver/Src/stm32f0xx_hal_rcc.o
 .debug_info    0x0000000000004698      0x652 Drivers/STM32F0xx_HAL_Driver/Src/stm32f0xx_hal_rcc_ex.o
 .debug_info    0x0000000000004cea      0xbd6 Middlewares/ST/STM32_USB_Device_Library/Core/Src/usbd_core.o
 .debug_info    0x00000000000058c0      0xbc7 Middlewares/ST/STM32_USB_Device_Library/Core/Src/usbd_ctlreq.o
 .debug_info    0x0000000000006487      0x740 Middlewares/ST/STM32_USB_Device_Library/Core/Src/usbd_ioreq.o
 .debug_info    0x0000000000006bc7      0xc52 Middlewares/USBMIDI/Src/usbd_midi.o
 .debug_info    0x0000000000007819      0x83f Src/eeprom.o
 .debug_info    0x0000000000008058      0xf74 Src/main.o
 .debug_info    0x0000000000008fcc      0x20a Src/queue32.o
 .debug_info    0x00000000000091d6      0x555 Src/stm32f0xx_it.o
 .debug_info    0x000000000000972b      0x593 Src/usb_device.o
 .debug_info    0x0000000000009cbe     0x1524 Src/usbd_conf.o
 .debug_info    0x000000000000b1e2      0x4bb Src/usbd_desc.o
 .debug_info    0x000000000000b69d      0x615 Src/usbd_midi_if.o

.debug_abbrev   0x0000000000000000     0x2e07
 .debug_abbrev  0x0000000000000000       0x12 Drivers/CMSIS/Device/ST/STM32F0xx/Source/Templates/gcc/startup_stm32f042x6.o
 .debug_abbrev  0x0000000000000012       0xf3 Drivers/CMSIS/Device/ST/STM32F0xx/Source/Templates/system_stm32f0xx.o
 .debug_abbrev  0x0000000000000105      0x1de Drivers/STM32F0xx_HAL_Driver/Src/stm32f0xx_hal.o
 .debug_abbrev  0x00000000000002e3      0x276 Drivers/STM32F0xx_HAL_Driver/Src/stm32f0xx_hal_cortex.o
 .debug_abbrev  0x0000000000000559      0x297 Drivers/STM32F0xx_HAL_Driver/Src/stm32f0xx_hal_flash.o
 .debug_abbrev  0x00000000000007f0      0x277 Drivers/STM32F0xx_HAL_Driver/Src/stm32f0xx_hal_flash_ex.o
 .debug_abbrev  0x0000000000000a67      0x1e1 Drivers/STM32F0xx_HAL_Driver/Src/stm32f0xx_hal_gpio.o
 .debug_abbrev  0x0000000000000c48      0x30f Drivers/STM32F0xx_HAL_Driver/Src/stm32f0xx_hal_pcd.o
 .debug_abbrev  0x0000000000000f57      0x134 Drivers/STM32F0xx_HAL_Driver/Src/stm32f0xx_hal_pcd_ex.o
 .debug_abbrev  0x000000000000108b      0x254 Drivers/STM32F0xx_HAL_Driver/Src/stm32f0xx_hal_rcc.o
 .debug_abbrev  0x00000000000012df      0x1dd Drivers/STM32F0xx_HAL_Driver/Src/stm32f0xx_hal_rcc_ex.o
 .debug_abbrev  0x00000000000014bc      0x293 Middlewares/ST/STM32_USB_Device_Library/Core/Src/usbd_core.o
 .debug_abbrev  0x000000000000174f      0x2ab Middlewares/ST/STM32_USB_Device_Library/Core/Src/usbd_ctlreq.o
 .debug_abbrev  0x00000000000019fa      0x15c Middlewares/ST/STM32_USB_Device_Library/Core/Src/usbd_ioreq.o
 .debug_abbrev  0x0000000000001b56      0x214 Middlewares/USBMIDI/Src/usbd_midi.o
 .debug_abbrev  0x0000000000001d6a      0x22f Src/eeprom.o
 .debug_abbrev  0x0000000000001f99      0x386 Src/main.o
 .debug_abbrev  0x000000000000231f      0x15f Src/queue32.o
 .debug_abbrev  0x000000000000247e      0x18e Src/stm32f0xx_it.o
 .debug_abbrev  0x000000000000260c      0x16b Src/usb_device.o
 .debug_abbrev  0x0000000000002777      0x2a5 Src/usbd_conf.o
 .debug_abbrev  0x0000000000002a1c      0x186 Src/usbd_desc.o
 .debug_abbrev  0x0000000000002ba2      0x265 Src/usbd_midi_if.o

.debug_aranges  0x0000000000000000      0x920
 .debug_aranges
                0x0000000000000000       0x28 Drivers/CMSIS/Device/ST/STM32F0xx/Source/Templates/gcc/startup_stm32f042x6.o
 .debug_aranges
                0x0000000000000028       0x28 Drivers/CMSIS/Device/ST/STM32F0xx/Source/Templates/system_stm32f0xx.o
 .debug_aranges
                0x0000000000000050       0x98 Drivers/STM32F0xx_HAL_Driver/Src/stm32f0xx_hal.o
 .debug_aranges
                0x00000000000000e8       0x78 Drivers/STM32F0xx_HAL_Driver/Src/stm32f0xx_hal_cortex.o
 .debug_aranges
                0x0000000000000160       0x78 Drivers/STM32F0xx_HAL_Driver/Src/stm32f0xx_hal_flash.o
 .debug_aranges
                0x00000000000001d8       0x60 Drivers/STM32F0xx_HAL_Driver/Src/stm32f0xx_hal_flash_ex.o
 .debug_aranges
                0x0000000000000238       0x58 Drivers/STM32F0xx_HAL_Driver/Src/stm32f0xx_hal_gpio.o
 .debug_aranges
                0x0000000000000290       0xd0 Drivers/STM32F0xx_HAL_Driver/Src/stm32f0xx_hal_pcd.o
 .debug_aranges
                0x0000000000000360       0x20 Drivers/STM32F0xx_HAL_Driver/Src/stm32f0xx_hal_pcd_ex.o
 .debug_aranges
                0x0000000000000380       0x80 Drivers/STM32F0xx_HAL_Driver/Src/stm32f0xx_hal_rcc.o
 .debug_aranges
                0x0000000000000400       0x68 Drivers/STM32F0xx_HAL_Driver/Src/stm32f0xx_hal_rcc_ex.o
 .debug_aranges
                0x0000000000000468       0xa8 Middlewares/ST/STM32_USB_Device_Library/Core/Src/usbd_core.o
 .debug_aranges
                0x0000000000000510       0x48 Middlewares/ST/STM32_USB_Device_Library/Core/Src/usbd_ctlreq.o
 .debug_aranges
                0x0000000000000558       0x50 Middlewares/ST/STM32_USB_Device_Library/Core/Src/usbd_ioreq.o
 .debug_aranges
                0x00000000000005a8       0x50 Middlewares/USBMIDI/Src/usbd_midi.o
 .debug_aranges
                0x00000000000005f8       0x48 Src/eeprom.o
 .debug_aranges
                0x0000000000000640       0x80 Src/main.o
 .debug_aranges
                0x00000000000006c0       0x38 Src/queue32.o
 .debug_aranges
                0x00000000000006f8       0x38 Src/stm32f0xx_it.o
 .debug_aranges
                0x0000000000000730       0x20 Src/usb_device.o
 .debug_aranges
                0x0000000000000750      0x110 Src/usbd_conf.o
 .debug_aranges
                0x0000000000000860       0x50 Src/usbd_desc.o
 .debug_aranges
                0x00000000000008b0       0x70 Src/usbd_midi_if.o

.debug_ranges   0x0000000000000000      0xb60
 .debug_ranges  0x0000000000000000       0x20 Drivers/CMSIS/Device/ST/STM32F0xx/Source/Templates/gcc/startup_stm32f042x6.o
 .debug_ranges  0x0000000000000020       0x18 Drivers/CMSIS/Device/ST/STM32F0xx/Source/Templates/system_stm32f0xx.o
 .debug_ranges  0x0000000000000038       0x88 Drivers/STM32F0xx_HAL_Driver/Src/stm32f0xx_hal.o
 .debug_ranges  0x00000000000000c0       0xe8 Drivers/STM32F0xx_HAL_Driver/Src/stm32f0xx_hal_cortex.o
 .debug_ranges  0x00000000000001a8       0xb0 Drivers/STM32F0xx_HAL_Driver/Src/stm32f0xx_hal_flash.o
 .debug_ranges  0x0000000000000258       0xb0 Drivers/STM32F0xx_HAL_Driver/Src/stm32f0xx_hal_flash_ex.o
 .debug_ranges  0x0000000000000308       0x78 Drivers/STM32F0xx_HAL_Driver/Src/stm32f0xx_hal_gpio.o
 .debug_ranges  0x0000000000000380      0x138 Drivers/STM32F0xx_HAL_Driver/Src/stm32f0xx_hal_pcd.o
 .debug_ranges  0x00000000000004b8       0x10 Drivers/STM32F0xx_HAL_Driver/Src/stm32f0xx_hal_pcd_ex.o
 .debug_ranges  0x00000000000004c8       0xb0 Drivers/STM32F0xx_HAL_Driver/Src/stm32f0xx_hal_rcc.o
 .debug_ranges  0x0000000000000578       0x58 Drivers/STM32F0xx_HAL_Driver/Src/stm32f0xx_hal_rcc_ex.o
 .debug_ranges  0x00000000000005d0       0x98 Middlewares/ST/STM32_USB_Device_Library/Core/Src/usbd_core.o
 .debug_ranges  0x0000000000000668       0x38 Middlewares/ST/STM32_USB_Device_Library/Core/Src/usbd_ctlreq.o
 .debug_ranges  0x00000000000006a0       0x40 Middlewares/ST/STM32_USB_Device_Library/Core/Src/usbd_ioreq.o
 .debug_ranges  0x00000000000006e0       0x40 Middlewares/USBMIDI/Src/usbd_midi.o
 .debug_ranges  0x0000000000000720       0xa8 Src/eeprom.o
 .debug_ranges  0x00000000000007c8       0xb0 Src/main.o
 .debug_ranges  0x0000000000000878       0x40 Src/queue32.o
 .debug_ranges  0x00000000000008b8       0x28 Src/stm32f0xx_it.o
 .debug_ranges  0x00000000000008e0       0x10 Src/usb_device.o
 .debug_ranges  0x00000000000008f0      0x128 Src/usbd_conf.o
 .debug_ranges  0x0000000000000a18       0xa0 Src/usbd_desc.o
 .debug_ranges  0x0000000000000ab8       0xa8 Src/usbd_midi_if.o

.debug_loc      0x0000000000000000     0x5155
 .debug_loc     0x0000000000000000       0xe1 Drivers/CMSIS/Device/ST/STM32F0xx/Source/Templates/system_stm32f0xx.o
 .debug_loc     0x00000000000000e1       0x6a Drivers/STM32F0xx_HAL_Driver/Src/stm32f0xx_hal.o
 .debug_loc     0x000000000000014b      0x3da Drivers/STM32F0xx_HAL_Driver/Src/stm32f0xx_hal_cortex.o
 .debug_loc     0x0000000000000525      0x281 Drivers/STM32F0xx_HAL_Driver/Src/stm32f0xx_hal_flash.o
 .debug_loc     0x00000000000007a6      0x4d9 Drivers/STM32F0xx_HAL_Driver/Src/stm32f0xx_hal_flash_ex.o
 .debug_loc     0x0000000000000c7f      0x29a Drivers/STM32F0xx_HAL_Driver/Src/stm32f0xx_hal_gpio.o
 .debug_loc     0x0000000000000f19     0x110c Drivers/STM32F0xx_HAL_Driver/Src/stm32f0xx_hal_pcd.o
 .debug_loc     0x0000000000002025       0x9d Drivers/STM32F0xx_HAL_Driver/Src/stm32f0xx_hal_pcd_ex.o
 .debug_loc     0x00000000000020c2      0x48a Drivers/STM32F0xx_HAL_Driver/Src/stm32f0xx_hal_rcc.o
 .debug_loc     0x000000000000254c      0x4e2 Drivers/STM32F0xx_HAL_Driver/Src/stm32f0xx_hal_rcc_ex.o
 .debug_loc     0x0000000000002a2e      0x56d Middlewares/ST/STM32_USB_Device_Library/Core/Src/usbd_core.o
 .debug_loc     0x0000000000002f9b      0x5b3 Middlewares/ST/STM32_USB_Device_Library/Core/Src/usbd_ctlreq.o
 .debug_loc     0x000000000000354e      0x23c Middlewares/ST/STM32_USB_Device_Library/Core/Src/usbd_ioreq.o
 .debug_loc     0x000000000000378a      0x21f Middlewares/USBMIDI/Src/usbd_midi.o
 .debug_loc     0x00000000000039a9      0x76e Src/eeprom.o
 .debug_loc     0x0000000000004117      0x283 Src/main.o
 .debug_loc     0x000000000000439a      0x128 Src/queue32.o
 .debug_loc     0x00000000000044c2      0x6e2 Src/usbd_conf.o
 .debug_loc     0x0000000000004ba4      0x273 Src/usbd_desc.o
 .debug_loc     0x0000000000004e17      0x33e Src/usbd_midi_if.o

.debug_macro    0x0000000000000000    0x1b7d9
 .debug_macro   0x0000000000000000      0x323 Drivers/CMSIS/Device/ST/STM32F0xx/Source/Templates/system_stm32f0xx.o
 .debug_macro   0x0000000000000323      0x844 Drivers/CMSIS/Device/ST/STM32F0xx/Source/Templates/system_stm32f0xx.o
 .debug_macro   0x0000000000000b67       0x2e Drivers/CMSIS/Device/ST/STM32F0xx/Source/Templates/system_stm32f0xx.o
 .debug_macro   0x0000000000000b95       0x22 Drivers/CMSIS/Device/ST/STM32F0xx/Source/Templates/system_stm32f0xx.o
 .debug_macro   0x0000000000000bb7       0x22 Drivers/CMSIS/Device/ST/STM32F0xx/Source/Templates/system_stm32f0xx.o
 .debug_macro   0x0000000000000bd9       0x87 Drivers/CMSIS/Device/ST/STM32F0xx/Source/Templates/system_stm32f0xx.o
 .debug_macro   0x0000000000000c60       0x44 Drivers/CMSIS/Device/ST/STM32F0xx/Source/Templates/system_stm32f0xx.o
 .debug_macro   0x0000000000000ca4       0xfd Drivers/CMSIS/Device/ST/STM32F0xx/Source/Templates/system_stm32f0xx.o
 .debug_macro   0x0000000000000da1       0x5e Drivers/CMSIS/Device/ST/STM32F0xx/Source/Templates/system_stm32f0xx.o
 .debug_macro   0x0000000000000dff      0x1df Drivers/CMSIS/Device/ST/STM32F0xx/Source/Templates/system_stm32f0xx.o
 .debug_macro   0x0000000000000fde       0x34 Drivers/CMSIS/Device/ST/STM32F0xx/Source/Templates/system_stm32f0xx.o
 .debug_macro   0x0000000000001012       0x26 Drivers/CMSIS/Device/ST/STM32F0xx/Source/Templates/system_stm32f0xx.o
 .debug_macro   0x0000000000001038      0x30d Drivers/CMSIS/Device/ST/STM32F0xx/Source/Templates/system_stm32f0xx.o
 .debug_macro   0x0000000000001345     0xf081 Drivers/CMSIS/Device/ST/STM32F0xx/Source/Templates/system_stm32f0xx.o
 .debug_macro   0x00000000000103c6       0x3c Drivers/CMSIS/Device/ST/STM32F0xx/Source/Templates/system_stm32f0xx.o
 .debug_macro   0x0000000000010402       0xaa Drivers/CMSIS/Device/ST/STM32F0xx/Source/Templates/system_stm32f0xx.o
 .debug_macro   0x00000000000104ac     0x3398 Drivers/CMSIS/Device/ST/STM32F0xx/Source/Templates/system_stm32f0xx.o
 .debug_macro   0x0000000000013844       0x52 Drivers/CMSIS/Device/ST/STM32F0xx/Source/Templates/system_stm32f0xx.o
 .debug_macro   0x0000000000013896       0x35 Drivers/CMSIS/Device/ST/STM32F0xx/Source/Templates/system_stm32f0xx.o
 .debug_macro   0x00000000000138cb       0x9c Drivers/CMSIS/Device/ST/STM32F0xx/Source/Templates/system_stm32f0xx.o
 .debug_macro   0x0000000000013967       0x16 Drivers/CMSIS/Device/ST/STM32F0xx/Source/Templates/system_stm32f0xx.o
 .debug_macro   0x000000000001397d       0x97 Drivers/CMSIS/Device/ST/STM32F0xx/Source/Templates/system_stm32f0xx.o
 .debug_macro   0x0000000000013a14      0x30d Drivers/CMSIS/Device/ST/STM32F0xx/Source/Templates/system_stm32f0xx.o
 .debug_macro   0x0000000000013d21       0xfd Drivers/CMSIS/Device/ST/STM32F0xx/Source/Templates/system_stm32f0xx.o
 .debug_macro   0x0000000000013e1e       0x10 Drivers/CMSIS/Device/ST/STM32F0xx/Source/Templates/system_stm32f0xx.o
 .debug_macro   0x0000000000013e2e       0x52 Drivers/CMSIS/Device/ST/STM32F0xx/Source/Templates/system_stm32f0xx.o
 .debug_macro   0x0000000000013e80       0x1f Drivers/CMSIS/Device/ST/STM32F0xx/Source/Templates/system_stm32f0xx.o
 .debug_macro   0x0000000000013e9f       0x43 Drivers/CMSIS/Device/ST/STM32F0xx/Source/Templates/system_stm32f0xx.o
 .debug_macro   0x0000000000013ee2       0x20 Drivers/CMSIS/Device/ST/STM32F0xx/Source/Templates/system_stm32f0xx.o
 .debug_macro   0x0000000000013f02      0x187 Drivers/CMSIS/Device/ST/STM32F0xx/Source/Templates/system_stm32f0xx.o
 .debug_macro   0x0000000000014089       0x10 Drivers/CMSIS/Device/ST/STM32F0xx/Source/Templates/system_stm32f0xx.o
 .debug_macro   0x0000000000014099       0x1c Drivers/CMSIS/Device/ST/STM32F0xx/Source/Templates/system_stm32f0xx.o
 .debug_macro   0x00000000000140b5       0x52 Drivers/CMSIS/Device/ST/STM32F0xx/Source/Templates/system_stm32f0xx.o
 .debug_macro   0x0000000000014107       0x40 Drivers/CMSIS/Device/ST/STM32F0xx/Source/Templates/system_stm32f0xx.o
 .debug_macro   0x0000000000014147       0x10 Drivers/CMSIS/Device/ST/STM32F0xx/Source/Templates/system_stm32f0xx.o
 .debug_macro   0x0000000000014157       0x40 Drivers/CMSIS/Device/ST/STM32F0xx/Source/Templates/system_stm32f0xx.o
 .debug_macro   0x0000000000014197       0xd7 Drivers/CMSIS/Device/ST/STM32F0xx/Source/Templates/system_stm32f0xx.o
 .debug_macro   0x000000000001426e       0x16 Drivers/CMSIS/Device/ST/STM32F0xx/Source/Templates/system_stm32f0xx.o
 .debug_macro   0x0000000000014284      0x18b Drivers/CMSIS/Device/ST/STM32F0xx/Source/Templates/system_stm32f0xx.o
 .debug_macro   0x000000000001440f       0x49 Drivers/CMSIS/Device/ST/STM32F0xx/Source/Templates/system_stm32f0xx.o
 .debug_macro   0x0000000000014458      0x953 Drivers/CMSIS/Device/ST/STM32F0xx/Source/Templates/system_stm32f0xx.o
 .debug_macro   0x0000000000014dab      0x46b Drivers/CMSIS/Device/ST/STM32F0xx/Source/Templates/system_stm32f0xx.o
 .debug_macro   0x0000000000015216      0x13a Drivers/CMSIS/Device/ST/STM32F0xx/Source/Templates/system_stm32f0xx.o
 .debug_macro   0x0000000000015350      0x130 Drivers/CMSIS/Device/ST/STM32F0xx/Source/Templates/system_stm32f0xx.o
 .debug_macro   0x0000000000015480      0x1e6 Drivers/CMSIS/Device/ST/STM32F0xx/Source/Templates/system_stm32f0xx.o
 .debug_macro   0x0000000000015666       0x34 Drivers/CMSIS/Device/ST/STM32F0xx/Source/Templates/system_stm32f0xx.o
 .debug_macro   0x000000000001569a       0x43 Drivers/CMSIS/Device/ST/STM32F0xx/Source/Templates/system_stm32f0xx.o
 .debug_macro   0x00000000000156dd       0x29 Drivers/CMSIS/Device/ST/STM32F0xx/Source/Templates/system_stm32f0xx.o
 .debug_macro   0x0000000000015706      0x344 Drivers/CMSIS/Device/ST/STM32F0xx/Source/Templates/system_stm32f0xx.o
 .debug_macro   0x0000000000015a4a       0xd0 Drivers/CMSIS/Device/ST/STM32F0xx/Source/Templates/system_stm32f0xx.o
 .debug_macro   0x0000000000015b1a       0xb6 Drivers/CMSIS/Device/ST/STM32F0xx/Source/Templates/system_stm32f0xx.o
 .debug_macro   0x0000000000015bd0      0x182 Drivers/CMSIS/Device/ST/STM32F0xx/Source/Templates/system_stm32f0xx.o
 .debug_macro   0x0000000000015d52      0x202 Drivers/CMSIS/Device/ST/STM32F0xx/Source/Templates/system_stm32f0xx.o
 .debug_macro   0x0000000000015f54       0x5b Drivers/CMSIS/Device/ST/STM32F0xx/Source/Templates/system_stm32f0xx.o
 .debug_macro   0x0000000000015faf       0x90 Drivers/CMSIS/Device/ST/STM32F0xx/Source/Templates/system_stm32f0xx.o
 .debug_macro   0x000000000001603f      0x265 Drivers/CMSIS/Device/ST/STM32F0xx/Source/Templates/system_stm32f0xx.o
 .debug_macro   0x00000000000162a4       0x4d Drivers/CMSIS/Device/ST/STM32F0xx/Source/Templates/system_stm32f0xx.o
 .debug_macro   0x00000000000162f1      0x161 Drivers/CMSIS/Device/ST/STM32F0xx/Source/Templates/system_stm32f0xx.o
 .debug_macro   0x0000000000016452      0x46a Drivers/CMSIS/Device/ST/STM32F0xx/Source/Templates/system_stm32f0xx.o
 .debug_macro   0x00000000000168bc       0xca Drivers/CMSIS/Device/ST/STM32F0xx/Source/Templates/system_stm32f0xx.o
 .debug_macro   0x0000000000016986      0x127 Drivers/CMSIS/Device/ST/STM32F0xx/Source/Templates/system_stm32f0xx.o
 .debug_macro   0x0000000000016aad      0x347 Drivers/STM32F0xx_HAL_Driver/Src/stm32f0xx_hal.o
 .debug_macro   0x0000000000016df4      0x323 Drivers/STM32F0xx_HAL_Driver/Src/stm32f0xx_hal_cortex.o
 .debug_macro   0x0000000000017117      0x323 Drivers/STM32F0xx_HAL_Driver/Src/stm32f0xx_hal_flash.o
 .debug_macro   0x000000000001743a      0x335 Drivers/STM32F0xx_HAL_Driver/Src/stm32f0xx_hal_flash_ex.o
 .debug_macro   0x000000000001776f      0x35c Drivers/STM32F0xx_HAL_Driver/Src/stm32f0xx_hal_gpio.o
 .debug_macro   0x0000000000017acb      0x329 Drivers/STM32F0xx_HAL_Driver/Src/stm32f0xx_hal_pcd.o
 .debug_macro   0x0000000000017df4      0x323 Drivers/STM32F0xx_HAL_Driver/Src/stm32f0xx_hal_pcd_ex.o
 .debug_macro   0x0000000000018117      0x335 Drivers/STM32F0xx_HAL_Driver/Src/stm32f0xx_hal_rcc.o
 .debug_macro   0x000000000001844c      0x335 Drivers/STM32F0xx_HAL_Driver/Src/stm32f0xx_hal_rcc_ex.o
 .debug_macro   0x0000000000018781      0x3c0 Middlewares/ST/STM32_USB_Device_Library/Core/Src/usbd_core.o
 .debug_macro   0x0000000000018b41       0x4c Middlewares/ST/STM32_USB_Device_Library/Core/Src/usbd_core.o
 .debug_macro   0x0000000000018b8d       0x8d Middlewares/ST/STM32_USB_Device_Library/Core/Src/usbd_core.o
 .debug_macro   0x0000000000018c1a       0x4a Middlewares/ST/STM32_USB_Device_Library/Core/Src/usbd_core.o
 .debug_macro   0x0000000000018c64       0x16 Middlewares/ST/STM32_USB_Device_Library/Core/Src/usbd_core.o
 .debug_macro   0x0000000000018c7a       0x35 Middlewares/ST/STM32_USB_Device_Library/Core/Src/usbd_core.o
 .debug_macro   0x0000000000018caf       0x16 Middlewares/ST/STM32_USB_Device_Library/Core/Src/usbd_core.o
 .debug_macro   0x0000000000018cc5       0x29 Middlewares/ST/STM32_USB_Device_Library/Core/Src/usbd_core.o
 .debug_macro   0x0000000000018cee       0x16 Middlewares/ST/STM32_USB_Device_Library/Core/Src/usbd_core.o
 .debug_macro   0x0000000000018d04      0x1c3 Middlewares/ST/STM32_USB_Device_Library/Core/Src/usbd_core.o
 .debug_macro   0x0000000000018ec7       0x6a Middlewares/ST/STM32_USB_Device_Library/Core/Src/usbd_core.o
 .debug_macro   0x0000000000018f31      0x3c0 Middlewares/ST/STM32_USB_Device_Library/Core/Src/usbd_ctlreq.o
 .debug_macro   0x00000000000192f1      0x3bc Middlewares/ST/STM32_USB_Device_Library/Core/Src/usbd_ioreq.o
 .debug_macro   0x00000000000196ad      0x3d9 Middlewares/USBMIDI/Src/usbd_midi.o
 .debug_macro   0x0000000000019a86       0x40 Middlewares/USBMIDI/Src/usbd_midi.o
 .debug_macro   0x0000000000019ac6      0x332 Src/eeprom.o
 .debug_macro   0x0000000000019df8      0x124 Src/eeprom.o
 .debug_macro   0x0000000000019f1c      0x405 Src/main.o
 .debug_macro   0x000000000001a321      0x12a Src/main.o
 .debug_macro   0x000000000001a44b       0x28 Src/main.o
 .debug_macro   0x000000000001a473       0x73 Src/queue32.o
 .debug_macro   0x000000000001a4e6      0x32d Src/stm32f0xx_it.o
 .debug_macro   0x000000000001a813      0x3fb Src/usb_device.o
 .debug_macro   0x000000000001ac0e      0x3d9 Src/usbd_conf.o
 .debug_macro   0x000000000001afe7      0x3fa Src/usbd_desc.o
 .debug_macro   0x000000000001b3e1      0x3e8 Src/usbd_midi_if.o
 .debug_macro   0x000000000001b7c9       0x10 Src/usbd_midi_if.o

.debug_str      0x0000000000000000    0x8ac52
 .debug_str     0x0000000000000000    0x86bfe Drivers/CMSIS/Device/ST/STM32F0xx/Source/Templates/system_stm32f0xx.o
                                      0x86e8e (size before relaxing)
 .debug_str     0x0000000000086bfe      0x454 Drivers/STM32F0xx_HAL_Driver/Src/stm32f0xx_hal.o
                                      0x8731e (size before relaxing)
 .debug_str     0x0000000000087052      0x1d2 Drivers/STM32F0xx_HAL_Driver/Src/stm32f0xx_hal_cortex.o
                                      0x871f4 (size before relaxing)
 .debug_str     0x0000000000087224      0x2aa Drivers/STM32F0xx_HAL_Driver/Src/stm32f0xx_hal_flash.o
                                      0x870ee (size before relaxing)
 .debug_str     0x00000000000874ce      0x30e Drivers/STM32F0xx_HAL_Driver/Src/stm32f0xx_hal_flash_ex.o
                                      0x87287 (size before relaxing)
 .debug_str     0x00000000000877dc      0x2d0 Drivers/STM32F0xx_HAL_Driver/Src/stm32f0xx_hal_gpio.o
                                      0x87110 (size before relaxing)
 .debug_str     0x0000000000087aac      0x513 Drivers/STM32F0xx_HAL_Driver/Src/stm32f0xx_hal_pcd.o
                                      0x873ad (size before relaxing)
 .debug_str     0x0000000000087fbf       0x57 Drivers/STM32F0xx_HAL_Driver/Src/stm32f0xx_hal_pcd_ex.o
                                      0x87106 (size before relaxing)
 .debug_str     0x0000000000088016      0x336 Drivers/STM32F0xx_HAL_Driver/Src/stm32f0xx_hal_rcc.o
                                      0x87283 (size before relaxing)
 .debug_str     0x000000000008834c      0x34c Drivers/STM32F0xx_HAL_Driver/Src/stm32f0xx_hal_rcc_ex.o
                                      0x87212 (size before relaxing)
 .debug_str     0x0000000000088698     0x1017 Middlewares/ST/STM32_USB_Device_Library/Core/Src/usbd_core.o
                                      0x87e35 (size before relaxing)
 .debug_str     0x00000000000896af      0x13f Middlewares/ST/STM32_USB_Device_Library/Core/Src/usbd_ctlreq.o
                                      0x87d67 (size before relaxing)
 .debug_str     0x00000000000897ee       0x8a Middlewares/ST/STM32_USB_Device_Library/Core/Src/usbd_ioreq.o
                                      0x87c94 (size before relaxing)
 .debug_str     0x0000000000089878      0x2f7 Middlewares/USBMIDI/Src/usbd_midi.o
                                      0x88183 (size before relaxing)
 .debug_str     0x0000000000089b6f      0x93d Src/eeprom.o
                                      0x877a1 (size before relaxing)
 .debug_str     0x000000000008a4ac      0x21f Src/main.o
                                      0x888c1 (size before relaxing)
 .debug_str     0x000000000008a6cb       0x83 Src/queue32.o
                                       0x330d (size before relaxing)
 .debug_str     0x000000000008a74e       0x74 Src/stm32f0xx_it.o
                                      0x87114 (size before relaxing)
 .debug_str     0x000000000008a7c2       0x40 Src/usb_device.o
                                      0x87dbc (size before relaxing)
 .debug_str     0x000000000008a802      0x191 Src/usbd_conf.o
                                      0x8872d (size before relaxing)
 .debug_str     0x000000000008a993      0x21e Src/usbd_desc.o
                                      0x87b16 (size before relaxing)
 .debug_str     0x000000000008abb1       0xa1 Src/usbd_midi_if.o
                                      0x87b6d (size before relaxing)

.comment        0x0000000000000000       0x6e
 .comment       0x0000000000000000       0x6e Drivers/CMSIS/Device/ST/STM32F0xx/Source/Templates/system_stm32f0xx.o
                                         0x6f (size before relaxing)
 .comment       0x000000000000006e       0x6f Drivers/STM32F0xx_HAL_Driver/Src/stm32f0xx_hal.o
 .comment       0x000000000000006e       0x6f Drivers/STM32F0xx_HAL_Driver/Src/stm32f0xx_hal_cortex.o
 .comment       0x000000000000006e       0x6f Drivers/STM32F0xx_HAL_Driver/Src/stm32f0xx_hal_flash.o
 .comment       0x000000000000006e       0x6f Drivers/STM32F0xx_HAL_Driver/Src/stm32f0xx_hal_flash_ex.o
 .comment       0x000000000000006e       0x6f Drivers/STM32F0xx_HAL_Driver/Src/stm32f0xx_hal_gpio.o
 .comment       0x000000000000006e       0x6f Drivers/STM32F0xx_HAL_Driver/Src/stm32f0xx_hal_pcd.o
 .comment       0x000000000000006e       0x6f Drivers/STM32F0xx_HAL_Driver/Src/stm32f0xx_hal_pcd_ex.o
 .comment       0x000000000000006e       0x6f Drivers/STM32F0xx_HAL_Driver/Src/stm32f0xx_hal_rcc.o
 .comment       0x000000000000006e       0x6f Drivers/STM32F0xx_HAL_Driver/Src/stm32f0xx_hal_rcc_ex.o
 .comment       0x000000000000006e       0x6f Middlewares/ST/STM32_USB_Device_Library/Core/Src/usbd_core.o
 .comment       0x000000000000006e       0x6f Middlewares/ST/STM32_USB_Device_Library/Core/Src/usbd_ctlreq.o
 .comment       0x000000000000006e       0x6f Middlewares/ST/STM32_USB_Device_Library/Core/Src/usbd_ioreq.o
 .comment       0x000000000000006e       0x6f Middlewares/USBMIDI/Src/usbd_midi.o
 .comment       0x000000000000006e       0x6f Src/eeprom.o
 .comment       0x000000000000006e       0x6f Src/main.o
 .comment       0x000000000000006e       0x6f Src/queue32.o
 .comment       0x000000000000006e       0x6f Src/stm32f0xx_it.o
 .comment       0x000000000000006e       0x6f Src/usb_device.o
 .comment       0x000000000000006e       0x6f Src/usbd_conf.o
 .comment       0x000000000000006e       0x6f Src/usbd_desc.o
 .comment       0x000000000000006e       0x6f Src/usbd_midi_if.o

.debug_frame    0x0000000000000000     0x169c
 .debug_frame   0x0000000000000000       0x3c Drivers/CMSIS/Device/ST/STM32F0xx/Source/Templates/system_stm32f0xx.o
 .debug_frame   0x000000000000003c      0x144 Drivers/STM32F0xx_HAL_Driver/Src/stm32f0xx_hal.o
 .debug_frame   0x0000000000000180       0xe4 Drivers/STM32F0xx_HAL_Driver/Src/stm32f0xx_hal_cortex.o
 .debug_frame   0x0000000000000264      0x134 Drivers/STM32F0xx_HAL_Driver/Src/stm32f0xx_hal_flash.o
 .debug_frame   0x0000000000000398       0xec Drivers/STM32F0xx_HAL_Driver/Src/stm32f0xx_hal_flash_ex.o
 .debug_frame   0x0000000000000484       0xc0 Drivers/STM32F0xx_HAL_Driver/Src/stm32f0xx_hal_gpio.o
 .debug_frame   0x0000000000000544      0x2e4 Drivers/STM32F0xx_HAL_Driver/Src/stm32f0xx_hal_pcd.o
 .debug_frame   0x0000000000000828       0x2c Drivers/STM32F0xx_HAL_Driver/Src/stm32f0xx_hal_pcd_ex.o
 .debug_frame   0x0000000000000854      0x130 Drivers/STM32F0xx_HAL_Driver/Src/stm32f0xx_hal_rcc.o
 .debug_frame   0x0000000000000984      0x104 Drivers/STM32F0xx_HAL_Driver/Src/stm32f0xx_hal_rcc_ex.o
 .debug_frame   0x0000000000000a88      0x1c4 Middlewares/ST/STM32_USB_Device_Library/Core/Src/usbd_core.o
 .debug_frame   0x0000000000000c4c       0xb0 Middlewares/ST/STM32_USB_Device_Library/Core/Src/usbd_ctlreq.o
 .debug_frame   0x0000000000000cfc       0xb8 Middlewares/ST/STM32_USB_Device_Library/Core/Src/usbd_ioreq.o
 .debug_frame   0x0000000000000db4       0xa8 Middlewares/USBMIDI/Src/usbd_midi.o
 .debug_frame   0x0000000000000e5c       0xb4 Src/eeprom.o
 .debug_frame   0x0000000000000f10      0x170 Src/main.o
 .debug_frame   0x0000000000001080       0x64 Src/queue32.o
 .debug_frame   0x00000000000010e4       0x80 Src/stm32f0xx_it.o
 .debug_frame   0x0000000000001164       0x28 Src/usb_device.o
 .debug_frame   0x000000000000118c      0x2e4 Src/usbd_conf.o
 .debug_frame   0x0000000000001470       0xa8 Src/usbd_desc.o
 .debug_frame   0x0000000000001518      0x110 Src/usbd_midi_if.o
 .debug_frame   0x0000000000001628       0x20 /Applications/SystemWorkbench.app/Contents/Eclipse/plugins/fr.ac6.mcu.externaltools.arm-none.macos64_1.13.1.201703061524/tools/compiler/bin/../lib/gcc/arm-none-eabi/5.4.1/armv6-m/libgcc.a(_udivsi3.o)
 .debug_frame   0x0000000000001648       0x2c /Applications/SystemWorkbench.app/Contents/Eclipse/plugins/fr.ac6.mcu.externaltools.arm-none.macos64_1.13.1.201703061524/tools/compiler/bin/../lib/gcc/arm-none-eabi/5.4.1/../../../../arm-none-eabi/lib/armv6-m/libc_nano.a(lib_a-init.o)
 .debug_frame   0x0000000000001674       0x28 /Applications/SystemWorkbench.app/Contents/Eclipse/plugins/fr.ac6.mcu.externaltools.arm-none.macos64_1.13.1.201703061524/tools/compiler/bin/../lib/gcc/arm-none-eabi/5.4.1/../../../../arm-none-eabi/lib/armv6-m/libc_nano.a(lib_a-memcpy-stub.o)
